# L3.providers.desktop  net=https on=vm-local
# flutter test integration_test/providers_flow_test.dart -d linux --dart-define=HTTPS_DOMAIN=127.0.0.1.nip.io:8443 --dart-define=API_TOKEN=test-token-for-tor-development
# cwd /home/a/git/personal/selfprivacy/Manager-Ubuntu-SelfPrivacy-Over-Tor/flutter-app/selfprivacy.org.app
# started 2026-08-29T00:02:34Z

00:00 +0: loading /home/a/git/personal/selfprivacy/Manager-Ubuntu-SelfPrivacy-Over-Tor/flutter-app/selfprivacy.org.app/integration_test/providers_flow_test.dart
Building Linux application...                                   
✓ Built build/linux/x64/debug/bundle/selfprivacy
00:00 +0: Providers -> Services -> Providers (automated)
[90m[🌎 Easy Localization] [DEBUG] Localization initialized[0m
GraphQL Response: QueryResult(source: QueryResultSource.network, data: {api: {version: 3.8.3, __typename: Api}, __typename: Query}, context: Context({ResponseExtensions: Instance of 'ResponseExtensions', HttpLinkResponseContext: Instance of 'HttpLinkResponseContext'}), exception: null, timestamp: 2026-08-29 02:02:56.204242)
[DEV] Services fetched: 7 services: gitea(ServiceStatus.failed), jitsi-meet(ServiceStatus.active), simple-nixos-mailserver(ServiceStatus.inactive), matrix(ServiceStatus.active), nextcloud(ServiceStatus.active), monitoring(ServiceStatus.active), selfprivacy-api(ServiceStatus.active)
There was an error causing connection lost: WebSocketException: Connection to 'http://api.127.0.0.1.nip.io:8443/graphql#' was not upgraded to websocket, HTTP status code: 400
Disconnected from websocket.
GraphQL Response: QueryResult(source: QueryResultSource.network, data: {api: {version: 3.8.3, __typename: Api}, __typename: Query}, context: Context({ResponseExtensions: Instance of 'ResponseExtensions', HttpLinkResponseContext: Instance of 'HttpLinkResponseContext'}), exception: null, timestamp: 2026-08-29 02:02:57.349867)
There was an error causing connection lost: WebSocketException: Connection to 'http://api.127.0.0.1.nip.io:8443/graphql#' was not upgraded to websocket, HTTP status code: 400
Disconnected from websocket.
[90m[🌎 Easy Localization] [DEBUG] Start[0m
[90m[🌎 Easy Localization] [DEBUG] Init state[0m
[90m[🌎 Easy Localization] [DEBUG] Build[0m
[90m[🌎 Easy Localization] [DEBUG] Init Localization Delegate[0m
[90m[🌎 Easy Localization] [DEBUG] Init provider[0m
[90m[🌎 Easy Localization] [DEBUG] Load Localization Delegate[0m
[90m[🌎 Easy Localization] [DEBUG] Load asset from assets/translations[0m
[90m[🌎 Easy Localization] [DEBUG] Load asset from assets/translations[0m
[shot] 01-launch -> /home/a/git/personal/selfprivacy/dev-dashboard/media/20260829T020232-3135.shots/01-launch.png
[shot] 02-providers -> /home/a/git/personal/selfprivacy/dev-dashboard/media/20260829T020232-3135.shots/02-providers.png
There was an error causing connection lost: WebSocketException: Connection to 'http://api.127.0.0.1.nip.io:8443/graphql#' was not upgraded to websocket, HTTP status code: 400
Disconnected from websocket.
There was an error causing connection lost: WebSocketException: Connection to 'http://api.127.0.0.1.nip.io:8443/graphql#' was not upgraded to websocket, HTTP status code: 400
Disconnected from websocket.
[shot] 03-services -> /home/a/git/personal/selfprivacy/dev-dashboard/media/20260829T020232-3135.shots/03-services.png
[shot] 04-back-to-providers -> /home/a/git/personal/selfprivacy/dev-dashboard/media/20260829T020232-3135.shots/04-back-to-providers.png
00:08 +1: (tearDownAll)
00:08 +1: All tests passed!
