# L3.providers.desktop  net=tor on=vm-local
# flutter test integration_test/providers_flow_test.dart -d linux --dart-define=ONION_DOMAIN=w6pbdge4gzavwip63ezawiv363ronmeb277xgcfuq5dltx7lxtozs6ad.onion --dart-define=API_TOKEN=test-token-for-tor-development
# cwd /home/a/git/personal/selfprivacy/Manager-Ubuntu-SelfPrivacy-Over-Tor/flutter-app/selfprivacy.org.app
# started 2026-08-28T17:29:24Z

Resolving dependencies...
... [150 lines trimmed] ...
Try `flutter pub outdated` for more information.
00:00 +0: loading /home/a/git/personal/selfprivacy/Manager-Ubuntu-SelfPrivacy-Over-Tor/flutter-app/selfprivacy.org.app/integration_test/providers_flow_test.dart
Building Linux application...                                   
✓ Built build/linux/x64/debug/bundle/selfprivacy
00:00 +0: Providers -> Services -> Providers (automated)
[90m[🌎 Easy Localization] [DEBUG] Localization initialized[0m
Recovering corrupted box.
GraphQL Response: QueryResult(source: QueryResultSource.network, data: null, context: Context({}), exception: OperationException(linkException: ServerException(originalException: ClientException with SocketException: Connection refused (OS Error: Connection refused, errno = 111), address = 127.0.0.1, port = 38400, uri=https://w6pbdge4gzavwip63ezawiv363ronmeb277xgcfuq5dltx7lxtozs6ad.onion/graphql, originalStackTrace: #0      IOClient.send (package:http/src/io_client.dart:154:7)
<asynchronous suspension>
#1      HttpLink._executeRequest (package:gql_http_link/src/link.dart:141:24)
<asynchronous suspension>
#2      HttpLink.request (package:gql_http_link/src/link.dart:85:26)
<asynchronous suspension>
#3      _StreamIterator._onData (dart:async/stream_impl.dart:1108:3)
<asynchronous suspension>
, parsedResponse: null), graphqlErrors: []), timestamp: 2026-08-28 19:30:06.698527)
[90m[🌎 Easy Localization] [DEBUG] Start[0m
[90m[🌎 Easy Localization] [DEBUG] Init state[0m
[90m[🌎 Easy Localization] [DEBUG] Build[0m
[90m[🌎 Easy Localization] [DEBUG] Init Localization Delegate[0m
[90m[🌎 Easy Localization] [DEBUG] Init provider[0m
[90m[🌎 Easy Localization] [DEBUG] Load Localization Delegate[0m
[90m[🌎 Easy Localization] [DEBUG] Load asset from assets/translations[0m
[90m[🌎 Easy Localization] [DEBUG] Load asset from assets/translations[0m
GraphQL Response: QueryResult(source: QueryResultSource.network, data: null, context: Context({}), exception: OperationException(linkException: ServerException(originalException: ClientException with SocketException: Connection refused (OS Error: Connection refused, errno = 111), address = 127.0.0.1, port = 32880, uri=https://w6pbdge4gzavwip63ezawiv363ronmeb277xgcfuq5dltx7lxtozs6ad.onion/graphql, originalStackTrace: #0      IOClient.send (package:http/src/io_client.dart:154:7)
<asynchronous suspension>
#1      HttpLink._executeRequest (package:gql_http_link/src/link.dart:141:24)
<asynchronous suspension>
#2      HttpLink.request (package:gql_http_link/src/link.dart:85:26)
<asynchronous suspension>
#3      _StreamIterator._onData (dart:async/stream_impl.dart:1108:3)
<asynchronous suspension>
, parsedResponse: null), graphqlErrors: []), timestamp: 2026-08-28 19:30:20.726775)
GraphQL Response: QueryResult(source: QueryResultSource.network, data: null, context: Context({}), exception: OperationException(linkException: ServerException(originalException: ClientException with SocketException: Connection refused (OS Error: Connection refused, errno = 111), address = 127.0.0.1, port = 37928, uri=https://w6pbdge4gzavwip63ezawiv363ronmeb277xgcfuq5dltx7lxtozs6ad.onion/graphql, originalStackTrace: #0      IOClient.send (package:http/src/io_client.dart:154:7)
<asynchronous suspension>
#1      HttpLink._executeRequest (package:gql_http_link/src/link.dart:141:24)
<asynchronous suspension>
#2      HttpLink.request (package:gql_http_link/src/link.dart:85:26)
<asynchronous suspension>
#3      _StreamIterator._onData (dart:async/stream_impl.dart:1108:3)
<asynchronous suspension>
, parsedResponse: null), graphqlErrors: []), timestamp: 2026-08-28 19:30:30.732235)
GraphQL Response: QueryResult(source: QueryResultSource.network, data: null, context: Context({}), exception: OperationException(linkException: ServerException(originalException: ClientException with SocketException: Connection refused (OS Error: Connection refused, errno = 111), address = 127.0.0.1, port = 54274, uri=https://w6pbdge4gzavwip63ezawiv363ronmeb277xgcfuq5dltx7lxtozs6ad.onion/graphql, originalStackTrace: #0      IOClient.send (package:http/src/io_client.dart:154:7)
<asynchronous suspension>
#1      HttpLink._executeRequest (package:gql_http_link/src/link.dart:141:24)
<asynchronous suspension>
#2      HttpLink.request (package:gql_http_link/src/link.dart:85:26)
<asynchronous suspension>
#3      _StreamIterator._onData (dart:async/stream_impl.dart:1108:3)
<asynchronous suspension>
, parsedResponse: null), graphqlErrors: []), timestamp: 2026-08-28 19:30:40.727172)
GraphQL Response: QueryResult(source: QueryResultSource.network, data: null, context: Context({}), exception: OperationException(linkException: ServerException(originalException: ClientException with SocketException: Connection refused (OS Error: Connection refused, errno = 111), address = 127.0.0.1, port = 43552, uri=https://w6pbdge4gzavwip63ezawiv363ronmeb277xgcfuq5dltx7lxtozs6ad.onion/graphql, originalStackTrace: #0      IOClient.send (package:http/src/io_client.dart:154:7)
<asynchronous suspension>
#1      HttpLink._executeRequest (package:gql_http_link/src/link.dart:141:24)
<asynchronous suspension>
#2      HttpLink.request (package:gql_http_link/src/link.dart:85:26)
<asynchronous suspension>
#3      _StreamIterator._onData (dart:async/stream_impl.dart:1108:3)
<asynchronous suspension>
, parsedResponse: null), graphqlErrors: []), timestamp: 2026-08-28 19:30:50.728398)
GraphQL Response: QueryResult(source: QueryResultSource.network, data: null, context: Context({}), exception: OperationException(linkException: ServerException(originalException: ClientException with SocketException: Connection refused (OS Error: Connection refused, errno = 111), address = 127.0.0.1, port = 40294, uri=https://w6pbdge4gzavwip63ezawiv363ronmeb277xgcfuq5dltx7lxtozs6ad.onion/graphql, originalStackTrace: #0      IOClient.send (package:http/src/io_client.dart:154:7)
<asynchronous suspension>
#1      HttpLink._executeRequest (package:gql_http_link/src/link.dart:141:24)
<asynchronous suspension>
#2      HttpLink.request (package:gql_http_link/src/link.dart:85:26)
<asynchronous suspension>
#3      _StreamIterator._onData (dart:async/stream_impl.dart:1108:3)
<asynchronous suspension>
, parsedResponse: null), graphqlErrors: []), timestamp: 2026-08-28 19:31:00.726831)
GraphQL Response: QueryResult(source: QueryResultSource.network, data: null, context: Context({}), exception: OperationException(linkException: ServerException(originalException: ClientException with SocketException: Connection refused (OS Error: Connection refused, errno = 111), address = 127.0.0.1, port = 42674, uri=https://w6pbdge4gzavwip63ezawiv363ronmeb277xgcfuq5dltx7lxtozs6ad.onion/graphql, originalStackTrace: #0      IOClient.send (package:http/src/io_client.dart:154:7)
<asynchronous suspension>
#1      HttpLink._executeRequest (package:gql_http_link/src/link.dart:141:24)
<asynchronous suspension>
#2      HttpLink.request (package:gql_http_link/src/link.dart:85:26)
<asynchronous suspension>
#3      _StreamIterator._onData (dart:async/stream_impl.dart:1108:3)
<asynchronous suspension>
, parsedResponse: null), graphqlErrors: []), timestamp: 2026-08-28 19:31:10.726916)
GraphQL Response: QueryResult(source: QueryResultSource.network, data: null, context: Context({}), exception: OperationException(linkException: ServerException(originalException: ClientException with SocketException: Connection refused (OS Error: Connection refused, errno = 111), address = 127.0.0.1, port = 38134, uri=https://w6pbdge4gzavwip63ezawiv363ronmeb277xgcfuq5dltx7lxtozs6ad.onion/graphql, originalStackTrace: #0      IOClient.send (package:http/src/io_client.dart:154:7)
<asynchronous suspension>
#1      HttpLink._executeRequest (package:gql_http_link/src/link.dart:141:24)
<asynchronous suspension>
#2      HttpLink.request (package:gql_http_link/src/link.dart:85:26)
<asynchronous suspension>
#3      _StreamIterator._onData (dart:async/stream_impl.dart:1108:3)
<asynchronous suspension>
, parsedResponse: null), graphqlErrors: []), timestamp: 2026-08-28 19:31:20.727675)
GraphQL Response: QueryResult(source: QueryResultSource.network, data: null, context: Context({}), exception: OperationException(linkException: ServerException(originalException: ClientException with SocketException: Connection refused (OS Error: Connection refused, errno = 111), address = 127.0.0.1, port = 33712, uri=https://w6pbdge4gzavwip63ezawiv363ronmeb277xgcfuq5dltx7lxtozs6ad.onion/graphql, originalStackTrace: #0      IOClient.send (package:http/src/io_client.dart:154:7)
<asynchronous suspension>
#1      HttpLink._executeRequest (package:gql_http_link/src/link.dart:141:24)
<asynchronous suspension>
#2      HttpLink.request (package:gql_http_link/src/link.dart:85:26)
<asynchronous suspension>
#3      _StreamIterator._onData (dart:async/stream_impl.dart:1108:3)
<asynchronous suspension>
, parsedResponse: null), graphqlErrors: []), timestamp: 2026-08-28 19:31:30.727675)
GraphQL Response: QueryResult(source: QueryResultSource.network, data: null, context: Context({}), exception: OperationException(linkException: ServerException(originalException: ClientException with SocketException: Connection refused (OS Error: Connection refused, errno = 111), address = 127.0.0.1, port = 38958, uri=https://w6pbdge4gzavwip63ezawiv363ronmeb277xgcfuq5dltx7lxtozs6ad.onion/graphql, originalStackTrace: #0      IOClient.send (package:http/src/io_client.dart:154:7)
<asynchronous suspension>
#1      HttpLink._executeRequest (package:gql_http_link/src/link.dart:141:24)
<asynchronous suspension>
#2      HttpLink.request (package:gql_http_link/src/link.dart:85:26)
<asynchronous suspension>
#3      _StreamIterator._onData (dart:async/stream_impl.dart:1108:3)
<asynchronous suspension>
, parsedResponse: null), graphqlErrors: []), timestamp: 2026-08-28 19:31:40.727617)
GraphQL Response: QueryResult(source: QueryResultSource.network, data: null, context: Context({}), exception: OperationException(linkException: ServerException(originalException: ClientException with SocketException: Connection refused (OS Error: Connection refused, errno = 111), address = 127.0.0.1, port = 60212, uri=https://w6pbdge4gzavwip63ezawiv363ronmeb277xgcfuq5dltx7lxtozs6ad.onion/graphql, originalStackTrace: #0      IOClient.send (package:http/src/io_client.dart:154:7)
<asynchronous suspension>
#1      HttpLink._executeRequest (package:gql_http_link/src/link.dart:141:24)
<asynchronous suspension>
#2      HttpLink.request (package:gql_http_link/src/link.dart:85:26)
<asynchronous suspension>
#3      _StreamIterator._onData (dart:async/stream_impl.dart:1108:3)
<asynchronous suspension>
, parsedResponse: null), graphqlErrors: []), timestamp: 2026-08-28 19:31:50.729909)
GraphQL Response: QueryResult(source: QueryResultSource.network, data: null, context: Context({}), exception: OperationException(linkException: ServerException(originalException: ClientException with SocketException: Connection refused (OS Error: Connection refused, errno = 111), address = 127.0.0.1, port = 55638, uri=https://w6pbdge4gzavwip63ezawiv363ronmeb277xgcfuq5dltx7lxtozs6ad.onion/graphql, originalStackTrace: #0      IOClient.send (package:http/src/io_client.dart:154:7)
<asynchronous suspension>
#1      HttpLink._executeRequest (package:gql_http_link/src/link.dart:141:24)
<asynchronous suspension>
#2      HttpLink.request (package:gql_http_link/src/link.dart:85:26)
<asynchronous suspension>
#3      _StreamIterator._onData (dart:async/stream_impl.dart:1108:3)
<asynchronous suspension>
, parsedResponse: null), graphqlErrors: []), timestamp: 2026-08-28 19:32:00.728177)
GraphQL Response: QueryResult(source: QueryResultSource.network, data: null, context: Context({}), exception: OperationException(linkException: ServerException(originalException: ClientException with SocketException: Connection refused (OS Error: Connection refused, errno = 111), address = 127.0.0.1, port = 38466, uri=https://w6pbdge4gzavwip63ezawiv363ronmeb277xgcfuq5dltx7lxtozs6ad.onion/graphql, originalStackTrace: #0      IOClient.send (package:http/src/io_client.dart:154:7)
<asynchronous suspension>
#1      HttpLink._executeRequest (package:gql_http_link/src/link.dart:141:24)
<asynchronous suspension>
#2      HttpLink.request (package:gql_http_link/src/link.dart:85:26)
<asynchronous suspension>
#3      _StreamIterator._onData (dart:async/stream_impl.dart:1108:3)
<asynchronous suspension>
, parsedResponse: null), graphqlErrors: []), timestamp: 2026-08-28 19:32:10.727299)
GraphQL Response: QueryResult(source: QueryResultSource.network, data: null, context: Context({}), exception: OperationException(linkException: ServerException(originalException: ClientException with SocketException: Connection refused (OS Error: Connection refused, errno = 111), address = 127.0.0.1, port = 45470, uri=https://w6pbdge4gzavwip63ezawiv363ronmeb277xgcfuq5dltx7lxtozs6ad.onion/graphql, originalStackTrace: #0      IOClient.send (package:http/src/io_client.dart:154:7)
<asynchronous suspension>
#1      HttpLink._executeRequest (package:gql_http_link/src/link.dart:141:24)
<asynchronous suspension>
#2      HttpLink.request (package:gql_http_link/src/link.dart:85:26)
<asynchronous suspension>
#3      _StreamIterator._onData (dart:async/stream_impl.dart:1108:3)
<asynchronous suspension>
, parsedResponse: null), graphqlErrors: []), timestamp: 2026-08-28 19:32:20.725786)
GraphQL Response: QueryResult(source: QueryResultSource.network, data: null, context: Context({}), exception: OperationException(linkException: ServerException(originalException: ClientException with SocketException: Connection refused (OS Error: Connection refused, errno = 111), address = 127.0.0.1, port = 57952, uri=https://w6pbdge4gzavwip63ezawiv363ronmeb277xgcfuq5dltx7lxtozs6ad.onion/graphql, originalStackTrace: #0      IOClient.send (package:http/src/io_client.dart:154:7)
<asynchronous suspension>
#1      HttpLink._executeRequest (package:gql_http_link/src/link.dart:141:24)
<asynchronous suspension>
#2      HttpLink.request (package:gql_http_link/src/link.dart:85:26)
<asynchronous suspension>
#3      _StreamIterator._onData (dart:async/stream_impl.dart:1108:3)
<asynchronous suspension>
, parsedResponse: null), graphqlErrors: []), timestamp: 2026-08-28 19:32:30.726302)
GraphQL Response: QueryResult(source: QueryResultSource.network, data: null, context: Context({}), exception: OperationException(linkException: ServerException(originalException: ClientException with SocketException: Connection refused (OS Error: Connection refused, errno = 111), address = 127.0.0.1, port = 44696, uri=https://w6pbdge4gzavwip63ezawiv363ronmeb277xgcfuq5dltx7lxtozs6ad.onion/graphql, originalStackTrace: #0      IOClient.send (package:http/src/io_client.dart:154:7)
<asynchronous suspension>
#1      HttpLink._executeRequest (package:gql_http_link/src/link.dart:141:24)
<asynchronous suspension>
#2      HttpLink.request (package:gql_http_link/src/link.dart:85:26)
<asynchronous suspension>
#3      _StreamIterator._onData (dart:async/stream_impl.dart:1108:3)
<asynchronous suspension>
, parsedResponse: null), graphqlErrors: []), timestamp: 2026-08-28 19:32:40.726932)
GraphQL Response: QueryResult(source: QueryResultSource.network, data: null, context: Context({}), exception: OperationException(linkException: ServerException(originalException: ClientException with SocketException: Connection refused (OS Error: Connection refused, errno = 111), address = 127.0.0.1, port = 42694, uri=https://w6pbdge4gzavwip63ezawiv363ronmeb277xgcfuq5dltx7lxtozs6ad.onion/graphql, originalStackTrace: #0      IOClient.send (package:http/src/io_client.dart:154:7)
<asynchronous suspension>
#1      HttpLink._executeRequest (package:gql_http_link/src/link.dart:141:24)
<asynchronous suspension>
#2      HttpLink.request (package:gql_http_link/src/link.dart:85:26)
<asynchronous suspension>
#3      _StreamIterator._onData (dart:async/stream_impl.dart:1108:3)
<asynchronous suspension>
, parsedResponse: null), graphqlErrors: []), timestamp: 2026-08-28 19:32:50.728046)
GraphQL Response: QueryResult(source: QueryResultSource.network, data: null, context: Context({}), exception: OperationException(linkException: ServerException(originalException: ClientException with SocketException: Connection refused (OS Error: Connection refused, errno = 111), address = 127.0.0.1, port = 48640, uri=https://w6pbdge4gzavwip63ezawiv363ronmeb277xgcfuq5dltx7lxtozs6ad.onion/graphql, originalStackTrace: #0      IOClient.send (package:http/src/io_client.dart:154:7)
<asynchronous suspension>
#1      HttpLink._executeRequest (package:gql_http_link/src/link.dart:141:24)
<asynchronous suspension>
#2      HttpLink.request (package:gql_http_link/src/link.dart:85:26)
<asynchronous suspension>
#3      _StreamIterator._onData (dart:async/stream_impl.dart:1108:3)
<asynchronous suspension>
, parsedResponse: null), graphqlErrors: []), timestamp: 2026-08-28 19:33:00.727542)
GraphQL Response: QueryResult(source: QueryResultSource.network, data: null, context: Context({}), exception: OperationException(linkException: ServerException(originalException: ClientException with SocketException: Connection refused (OS Error: Connection refused, errno = 111), address = 127.0.0.1, port = 49930, uri=https://w6pbdge4gzavwip63ezawiv363ronmeb277xgcfuq5dltx7lxtozs6ad.onion/graphql, originalStackTrace: #0      IOClient.send (package:http/src/io_client.dart:154:7)
<asynchronous suspension>
#1      HttpLink._executeRequest (package:gql_http_link/src/link.dart:141:24)
<asynchronous suspension>
#2      HttpLink.request (package:gql_http_link/src/link.dart:85:26)
<asynchronous suspension>
#3      _StreamIterator._onData (dart:async/stream_impl.dart:1108:3)
<asynchronous suspension>
, parsedResponse: null), graphqlErrors: []), timestamp: 2026-08-28 19:33:10.726146)
GraphQL Response: QueryResult(source: QueryResultSource.network, data: null, context: Context({}), exception: OperationException(linkException: ServerException(originalException: ClientException with SocketException: Connection refused (OS Error: Connection refused, errno = 111), address = 127.0.0.1, port = 56024, uri=https://w6pbdge4gzavwip63ezawiv363ronmeb277xgcfuq5dltx7lxtozs6ad.onion/graphql, originalStackTrace: #0      IOClient.send (package:http/src/io_client.dart:154:7)
<asynchronous suspension>
#1      HttpLink._executeRequest (package:gql_http_link/src/link.dart:141:24)
<asynchronous suspension>
#2      HttpLink.request (package:gql_http_link/src/link.dart:85:26)
<asynchronous suspension>
#3      _StreamIterator._onData (dart:async/stream_impl.dart:1108:3)
<asynchronous suspension>
, parsedResponse: null), graphqlErrors: []), timestamp: 2026-08-28 19:33:20.725758)
GraphQL Response: QueryResult(source: QueryResultSource.network, data: null, context: Context({}), exception: OperationException(linkException: ServerException(originalException: ClientException with SocketException: Connection refused (OS Error: Connection refused, errno = 111), address = 127.0.0.1, port = 54858, uri=https://w6pbdge4gzavwip63ezawiv363ronmeb277xgcfuq5dltx7lxtozs6ad.onion/graphql, originalStackTrace: #0      IOClient.send (package:http/src/io_client.dart:154:7)
<asynchronous suspension>
#1      HttpLink._executeRequest (package:gql_http_link/src/link.dart:141:24)
<asynchronous suspension>
#2      HttpLink.request (package:gql_http_link/src/link.dart:85:26)
<asynchronous suspension>
#3      _StreamIterator._onData (dart:async/stream_impl.dart:1108:3)
<asynchronous suspension>
, parsedResponse: null), graphqlErrors: []), timestamp: 2026-08-28 19:33:30.728147)
GraphQL Response: QueryResult(source: QueryResultSource.network, data: null, context: Context({}), exception: OperationException(linkException: ServerException(originalException: ClientException with SocketException: Connection refused (OS Error: Connection refused, errno = 111), address = 127.0.0.1, port = 55380, uri=https://w6pbdge4gzavwip63ezawiv363ronmeb277xgcfuq5dltx7lxtozs6ad.onion/graphql, originalStackTrace: #0      IOClient.send (package:http/src/io_client.dart:154:7)
<asynchronous suspension>
#1      HttpLink._executeRequest (package:gql_http_link/src/link.dart:141:24)
<asynchronous suspension>
#2      HttpLink.request (package:gql_http_link/src/link.dart:85:26)
<asynchronous suspension>
#3      _StreamIterator._onData (dart:async/stream_impl.dart:1108:3)
<asynchronous suspension>
, parsedResponse: null), graphqlErrors: []), timestamp: 2026-08-28 19:33:40.725100)
GraphQL Response: QueryResult(source: QueryResultSource.network, data: null, context: Context({}), exception: OperationException(linkException: ServerException(originalException: ClientException with SocketException: Connection refused (OS Error: Connection refused, errno = 111), address = 127.0.0.1, port = 57552, uri=https://w6pbdge4gzavwip63ezawiv363ronmeb277xgcfuq5dltx7lxtozs6ad.onion/graphql, originalStackTrace: #0      IOClient.send (package:http/src/io_client.dart:154:7)
<asynchronous suspension>
#1      HttpLink._executeRequest (package:gql_http_link/src/link.dart:141:24)
<asynchronous suspension>
#2      HttpLink.request (package:gql_http_link/src/link.dart:85:26)
<asynchronous suspension>
#3      _StreamIterator._onData (dart:async/stream_impl.dart:1108:3)
<asynchronous suspension>
, parsedResponse: null), graphqlErrors: []), timestamp: 2026-08-28 19:33:50.726168)
GraphQL Response: QueryResult(source: QueryResultSource.network, data: null, context: Context({}), exception: OperationException(linkException: ServerException(originalException: ClientException with SocketException: Connection refused (OS Error: Connection refused, errno = 111), address = 127.0.0.1, port = 54870, uri=https://w6pbdge4gzavwip63ezawiv363ronmeb277xgcfuq5dltx7lxtozs6ad.onion/graphql, originalStackTrace: #0      IOClient.send (package:http/src/io_client.dart:154:7)
<asynchronous suspension>
#1      HttpLink._executeRequest (package:gql_http_link/src/link.dart:141:24)
<asynchronous suspension>
#2      HttpLink.request (package:gql_http_link/src/link.dart:85:26)
<asynchronous suspension>
#3      _StreamIterator._onData (dart:async/stream_impl.dart:1108:3)
<asynchronous suspension>
, parsedResponse: null), graphqlErrors: []), timestamp: 2026-08-28 19:34:00.726089)
GraphQL Response: QueryResult(source: QueryResultSource.network, data: null, context: Context({}), exception: OperationException(linkException: ServerException(originalException: ClientException with SocketException: Connection refused (OS Error: Connection refused, errno = 111), address = 127.0.0.1, port = 43910, uri=https://w6pbdge4gzavwip63ezawiv363ronmeb277xgcfuq5dltx7lxtozs6ad.onion/graphql, originalStackTrace: #0      IOClient.send (package:http/src/io_client.dart:154:7)
<asynchronous suspension>
#1      HttpLink._executeRequest (package:gql_http_link/src/link.dart:141:24)
<asynchronous suspension>
#2      HttpLink.request (package:gql_http_link/src/link.dart:85:26)
<asynchronous suspension>
#3      _StreamIterator._onData (dart:async/stream_impl.dart:1108:3)
<asynchronous suspension>
, parsedResponse: null), graphqlErrors: []), timestamp: 2026-08-28 19:34:10.746815)
GraphQL Response: QueryResult(source: QueryResultSource.network, data: null, context: Context({}), exception: OperationException(linkException: ServerException(originalException: ClientException with SocketException: Connection refused (OS Error: Connection refused, errno = 111), address = 127.0.0.1, port = 38472, uri=https://w6pbdge4gzavwip63ezawiv363ronmeb277xgcfuq5dltx7lxtozs6ad.onion/graphql, originalStackTrace: #0      IOClient.send (package:http/src/io_client.dart:154:7)
<asynchronous suspension>
#1      HttpLink._executeRequest (package:gql_http_link/src/link.dart:141:24)
<asynchronous suspension>
#2      HttpLink.request (package:gql_http_link/src/link.dart:85:26)
<asynchronous suspension>
#3      _StreamIterator._onData (dart:async/stream_impl.dart:1108:3)
<asynchronous suspension>
, parsedResponse: null), graphqlErrors: []), timestamp: 2026-08-28 19:34:20.726378)
GraphQL Response: QueryResult(source: QueryResultSource.network, data: null, context: Context({}), exception: OperationException(linkException: ServerException(originalException: ClientException with SocketException: Connection refused (OS Error: Connection refused, errno = 111), address = 127.0.0.1, port = 39000, uri=https://w6pbdge4gzavwip63ezawiv363ronmeb277xgcfuq5dltx7lxtozs6ad.onion/graphql, originalStackTrace: #0      IOClient.send (package:http/src/io_client.dart:154:7)
<asynchronous suspension>
#1      HttpLink._executeRequest (package:gql_http_link/src/link.dart:141:24)
<asynchronous suspension>
#2      HttpLink.request (package:gql_http_link/src/link.dart:85:26)
<asynchronous suspension>
#3      _StreamIterator._onData (dart:async/stream_impl.dart:1108:3)
<asynchronous suspension>
, parsedResponse: null), graphqlErrors: []), timestamp: 2026-08-28 19:34:30.725942)
GraphQL Response: QueryResult(source: QueryResultSource.network, data: null, context: Context({}), exception: OperationException(linkException: ServerException(originalException: ClientException with SocketException: Connection refused (OS Error: Connection refused, errno = 111), address = 127.0.0.1, port = 37892, uri=https://w6pbdge4gzavwip63ezawiv363ronmeb277xgcfuq5dltx7lxtozs6ad.onion/graphql, originalStackTrace: #0      IOClient.send (package:http/src/io_client.dart:154:7)
<asynchronous suspension>
#1      HttpLink._executeRequest (package:gql_http_link/src/link.dart:141:24)
<asynchronous suspension>
#2      HttpLink.request (package:gql_http_link/src/link.dart:85:26)
<asynchronous suspension>
#3      _StreamIterator._onData (dart:async/stream_impl.dart:1108:3)
<asynchronous suspension>
, parsedResponse: null), graphqlErrors: []), timestamp: 2026-08-28 19:34:40.725261)
GraphQL Response: QueryResult(source: QueryResultSource.network, data: null, context: Context({}), exception: OperationException(linkException: ServerException(originalException: ClientException with SocketException: Connection refused (OS Error: Connection refused, errno = 111), address = 127.0.0.1, port = 56046, uri=https://w6pbdge4gzavwip63ezawiv363ronmeb277xgcfuq5dltx7lxtozs6ad.onion/graphql, originalStackTrace: #0      IOClient.send (package:http/src/io_client.dart:154:7)
<asynchronous suspension>
#1      HttpLink._executeRequest (package:gql_http_link/src/link.dart:141:24)
<asynchronous suspension>
#2      HttpLink.request (package:gql_http_link/src/link.dart:85:26)
<asynchronous suspension>
#3      _StreamIterator._onData (dart:async/stream_impl.dart:1108:3)
<asynchronous suspension>
, parsedResponse: null), graphqlErrors: []), timestamp: 2026-08-28 19:34:50.727479)
GraphQL Response: QueryResult(source: QueryResultSource.network, data: null, context: Context({}), exception: OperationException(linkException: ServerException(originalException: ClientException with SocketException: Connection refused (OS Error: Connection refused, errno = 111), address = 127.0.0.1, port = 54390, uri=https://w6pbdge4gzavwip63ezawiv363ronmeb277xgcfuq5dltx7lxtozs6ad.onion/graphql, originalStackTrace: #0      IOClient.send (package:http/src/io_client.dart:154:7)
<asynchronous suspension>
#1      HttpLink._executeRequest (package:gql_http_link/src/link.dart:141:24)
<asynchronous suspension>
#2      HttpLink.request (package:gql_http_link/src/link.dart:85:26)
<asynchronous suspension>
#3      _StreamIterator._onData (dart:async/stream_impl.dart:1108:3)
<asynchronous suspension>
, parsedResponse: null), graphqlErrors: []), timestamp: 2026-08-28 19:35:00.728629)
GraphQL Response: QueryResult(source: QueryResultSource.network, data: null, context: Context({}), exception: OperationException(linkException: ServerException(originalException: ClientException with SocketException: Connection refused (OS Error: Connection refused, errno = 111), address = 127.0.0.1, port = 50686, uri=https://w6pbdge4gzavwip63ezawiv363ronmeb277xgcfuq5dltx7lxtozs6ad.onion/graphql, originalStackTrace: #0      IOClient.send (package:http/src/io_client.dart:154:7)
<asynchronous suspension>
#1      HttpLink._executeRequest (package:gql_http_link/src/link.dart:141:24)
<asynchronous suspension>
#2      HttpLink.request (package:gql_http_link/src/link.dart:85:26)
<asynchronous suspension>
#3      _StreamIterator._onData (dart:async/stream_impl.dart:1108:3)
<asynchronous suspension>
, parsedResponse: null), graphqlErrors: []), timestamp: 2026-08-28 19:35:10.726263)
GraphQL Response: QueryResult(source: QueryResultSource.network, data: null, context: Context({}), exception: OperationException(linkException: ServerException(originalException: ClientException with SocketException: Connection refused (OS Error: Connection refused, errno = 111), address = 127.0.0.1, port = 41910, uri=https://w6pbdge4gzavwip63ezawiv363ronmeb277xgcfuq5dltx7lxtozs6ad.onion/graphql, originalStackTrace: #0      IOClient.send (package:http/src/io_client.dart:154:7)
<asynchronous suspension>
#1      HttpLink._executeRequest (package:gql_http_link/src/link.dart:141:24)
<asynchronous suspension>
#2      HttpLink.request (package:gql_http_link/src/link.dart:85:26)
<asynchronous suspension>
#3      _StreamIterator._onData (dart:async/stream_impl.dart:1108:3)
<asynchronous suspension>
, parsedResponse: null), graphqlErrors: []), timestamp: 2026-08-28 19:35:20.727088)
GraphQL Response: QueryResult(source: QueryResultSource.network, data: null, context: Context({}), exception: OperationException(linkException: ServerException(originalException: ClientException with SocketException: Connection refused (OS Error: Connection refused, errno = 111), address = 127.0.0.1, port = 37070, uri=https://w6pbdge4gzavwip63ezawiv363ronmeb277xgcfuq5dltx7lxtozs6ad.onion/graphql, originalStackTrace: #0      IOClient.send (package:http/src/io_client.dart:154:7)
<asynchronous suspension>
#1      HttpLink._executeRequest (package:gql_http_link/src/link.dart:141:24)
<asynchronous suspension>
#2      HttpLink.request (package:gql_http_link/src/link.dart:85:26)
<asynchronous suspension>
#3      _StreamIterator._onData (dart:async/stream_impl.dart:1108:3)
<asynchronous suspension>
, parsedResponse: null), graphqlErrors: []), timestamp: 2026-08-28 19:35:30.726444)
GraphQL Response: QueryResult(source: QueryResultSource.network, data: null, context: Context({}), exception: OperationException(linkException: ServerException(originalException: ClientException with SocketException: Connection refused (OS Error: Connection refused, errno = 111), address = 127.0.0.1, port = 53460, uri=https://w6pbdge4gzavwip63ezawiv363ronmeb277xgcfuq5dltx7lxtozs6ad.onion/graphql, originalStackTrace: #0      IOClient.send (package:http/src/io_client.dart:154:7)
<asynchronous suspension>
#1      HttpLink._executeRequest (package:gql_http_link/src/link.dart:141:24)
<asynchronous suspension>
#2      HttpLink.request (package:gql_http_link/src/link.dart:85:26)
<asynchronous suspension>
#3      _StreamIterator._onData (dart:async/stream_impl.dart:1108:3)
<asynchronous suspension>
, parsedResponse: null), graphqlErrors: []), timestamp: 2026-08-28 19:35:40.738224)
GraphQL Response: QueryResult(source: QueryResultSource.network, data: null, context: Context({}), exception: OperationException(linkException: ServerException(originalException: ClientException with SocketException: Connection refused (OS Error: Connection refused, errno = 111), address = 127.0.0.1, port = 34900, uri=https://w6pbdge4gzavwip63ezawiv363ronmeb277xgcfuq5dltx7lxtozs6ad.onion/graphql, originalStackTrace: #0      IOClient.send (package:http/src/io_client.dart:154:7)
<asynchronous suspension>
#1      HttpLink._executeRequest (package:gql_http_link/src/link.dart:141:24)
<asynchronous suspension>
#2      HttpLink.request (package:gql_http_link/src/link.dart:85:26)
<asynchronous suspension>
#3      _StreamIterator._onData (dart:async/stream_impl.dart:1108:3)
<asynchronous suspension>
, parsedResponse: null), graphqlErrors: []), timestamp: 2026-08-28 19:35:50.730967)
GraphQL Response: QueryResult(source: QueryResultSource.network, data: null, context: Context({}), exception: OperationException(linkException: ServerException(originalException: ClientException with SocketException: Connection refused (OS Error: Connection refused, errno = 111), address = 127.0.0.1, port = 52606, uri=https://w6pbdge4gzavwip63ezawiv363ronmeb277xgcfuq5dltx7lxtozs6ad.onion/graphql, originalStackTrace: #0      IOClient.send (package:http/src/io_client.dart:154:7)
<asynchronous suspension>
#1      HttpLink._executeRequest (package:gql_http_link/src/link.dart:141:24)
<asynchronous suspension>
#2      HttpLink.request (package:gql_http_link/src/link.dart:85:26)
<asynchronous suspension>
#3      _StreamIterator._onData (dart:async/stream_impl.dart:1108:3)
<asynchronous suspension>
, parsedResponse: null), graphqlErrors: []), timestamp: 2026-08-28 19:36:00.725713)
GraphQL Response: QueryResult(source: QueryResultSource.network, data: null, context: Context({}), exception: OperationException(linkException: ServerException(originalException: ClientException with SocketException: Connection refused (OS Error: Connection refused, errno = 111), address = 127.0.0.1, port = 50720, uri=https://w6pbdge4gzavwip63ezawiv363ronmeb277xgcfuq5dltx7lxtozs6ad.onion/graphql, originalStackTrace: #0      IOClient.send (package:http/src/io_client.dart:154:7)
<asynchronous suspension>
#1      HttpLink._executeRequest (package:gql_http_link/src/link.dart:141:24)
<asynchronous suspension>
#2      HttpLink.request (package:gql_http_link/src/link.dart:85:26)
<asynchronous suspension>
#3      _StreamIterator._onData (dart:async/stream_impl.dart:1108:3)
<asynchronous suspension>
, parsedResponse: null), graphqlErrors: []), timestamp: 2026-08-28 19:36:10.727976)
06:14 +0: loading /home/a/git/personal/selfprivacy/Manager-Ubuntu-SelfPrivacy-Over-Tor/flutter-app/selfprivacy.org.app/integration_test/providers_flow_test.dart
Some possible finders for the widgets at Offset(110.7, 241.2):
  find.widgetWithText(InkWell, 'Services')
  find.widgetWithText(NavigationDrawerDestination, 'Services')
  find.widgetWithText(IndexedSemantics, 'Services')
  find.widgetWithText(NotificationListener<KeepAliveNotification>, 'Services')
  find.widgetWithText(KeepAlive, 'Services')
  find.byType(Drawer)
  find.byKey(const Key('PrimaryNavigationDrawer'))
  find.byType(RootScaffoldWithSubrouteSelector)
  find.byType(AutoRouter)
  find.byType(RootPage)
  find.byType(WrappedRoute<RootPage>)
  find.byElementType(InheritedModelElement<Object>)
06:18 +0: Providers -> Services -> Providers (automated)
GraphQL Response: QueryResult(source: QueryResultSource.network, data: null, context: Context({}), exception: OperationException(linkException: ServerException(originalException: ClientException with SocketException: Connection refused (OS Error: Connection refused, errno = 111), address = 127.0.0.1, port = 54858, uri=https://w6pbdge4gzavwip63ezawiv363ronmeb277xgcfuq5dltx7lxtozs6ad.onion/graphql, originalStackTrace: #0      IOClient.send (package:http/src/io_client.dart:154:7)
<asynchronous suspension>
#1      HttpLink._executeRequest (package:gql_http_link/src/link.dart:141:24)
<asynchronous suspension>
#2      HttpLink.request (package:gql_http_link/src/link.dart:85:26)
<asynchronous suspension>
#3      _StreamIterator._onData (dart:async/stream_impl.dart:1108:3)
<asynchronous suspension>
, parsedResponse: null), graphqlErrors: []), timestamp: 2026-08-28 19:36:20.729471)
GraphQL Response: QueryResult(source: QueryResultSource.network, data: null, context: Context({}), exception: OperationException(linkException: ServerException(originalException: ClientException with SocketException: Connection refused (OS Error: Connection refused, errno = 111), address = 127.0.0.1, port = 51158, uri=https://w6pbdge4gzavwip63ezawiv363ronmeb277xgcfuq5dltx7lxtozs6ad.onion/graphql, originalStackTrace: #0      IOClient.send (package:http/src/io_client.dart:154:7)
<asynchronous suspension>
#1      HttpLink._executeRequest (package:gql_http_link/src/link.dart:141:24)
<asynchronous suspension>
#2      HttpLink.request (package:gql_http_link/src/link.dart:85:26)
<asynchronous suspension>
#3      _StreamIterator._onData (dart:async/stream_impl.dart:1108:3)
<asynchronous suspension>
, parsedResponse: null), graphqlErrors: []), timestamp: 2026-08-28 19:36:30.727061)
GraphQL Response: QueryResult(source: QueryResultSource.network, data: null, context: Context({}), exception: OperationException(linkException: ServerException(originalException: ClientException with SocketException: Connection refused (OS Error: Connection refused, errno = 111), address = 127.0.0.1, port = 40898, uri=https://w6pbdge4gzavwip63ezawiv363ronmeb277xgcfuq5dltx7lxtozs6ad.onion/graphql, originalStackTrace: #0      IOClient.send (package:http/src/io_client.dart:154:7)
<asynchronous suspension>
#1      HttpLink._executeRequest (package:gql_http_link/src/link.dart:141:24)
<asynchronous suspension>
#2      HttpLink.request (package:gql_http_link/src/link.dart:85:26)
<asynchronous suspension>
#3      _StreamIterator._onData (dart:async/stream_impl.dart:1108:3)
<asynchronous suspension>
, parsedResponse: null), graphqlErrors: []), timestamp: 2026-08-28 19:36:40.726702)
GraphQL Response: QueryResult(source: QueryResultSource.network, data: null, context: Context({}), exception: OperationException(linkException: ServerException(originalException: ClientException with SocketException: Connection refused (OS Error: Connection refused, errno = 111), address = 127.0.0.1, port = 51000, uri=https://w6pbdge4gzavwip63ezawiv363ronmeb277xgcfuq5dltx7lxtozs6ad.onion/graphql, originalStackTrace: #0      IOClient.send (package:http/src/io_client.dart:154:7)
<asynchronous suspension>
#1      HttpLink._executeRequest (package:gql_http_link/src/link.dart:141:24)
<asynchronous suspension>
#2      HttpLink.request (package:gql_http_link/src/link.dart:85:26)
<asynchronous suspension>
#3      _StreamIterator._onData (dart:async/stream_impl.dart:1108:3)
<asynchronous suspension>
, parsedResponse: null), graphqlErrors: []), timestamp: 2026-08-28 19:36:50.725332)
GraphQL Response: QueryResult(source: QueryResultSource.network, data: null, context: Context({}), exception: OperationException(linkException: ServerException(originalException: ClientException with SocketException: Connection refused (OS Error: Connection refused, errno = 111), address = 127.0.0.1, port = 45922, uri=https://w6pbdge4gzavwip63ezawiv363ronmeb277xgcfuq5dltx7lxtozs6ad.onion/graphql, originalStackTrace: #0      IOClient.send (package:http/src/io_client.dart:154:7)
<asynchronous suspension>
#1      HttpLink._executeRequest (package:gql_http_link/src/link.dart:141:24)
<asynchronous suspension>
#2      HttpLink.request (package:gql_http_link/src/link.dart:85:26)
<asynchronous suspension>
#3      _StreamIterator._onData (dart:async/stream_impl.dart:1108:3)
<asynchronous suspension>
, parsedResponse: null), graphqlErrors: []), timestamp: 2026-08-28 19:37:00.730446)
GraphQL Response: QueryResult(source: QueryResultSource.network, data: null, context: Context({}), exception: OperationException(linkException: ServerException(originalException: ClientException with SocketException: Connection refused (OS Error: Connection refused, errno = 111), address = 127.0.0.1, port = 52544, uri=https://w6pbdge4gzavwip63ezawiv363ronmeb277xgcfuq5dltx7lxtozs6ad.onion/graphql, originalStackTrace: #0      IOClient.send (package:http/src/io_client.dart:154:7)
<asynchronous suspension>
#1      HttpLink._executeRequest (package:gql_http_link/src/link.dart:141:24)
<asynchronous suspension>
#2      HttpLink.request (package:gql_http_link/src/link.dart:85:26)
<asynchronous suspension>
#3      _StreamIterator._onData (dart:async/stream_impl.dart:1108:3)
<asynchronous suspension>
, parsedResponse: null), graphqlErrors: []), timestamp: 2026-08-28 19:37:10.731558)
GraphQL Response: QueryResult(source: QueryResultSource.network, data: null, context: Context({}), exception: OperationException(linkException: ServerException(originalException: ClientException with SocketException: Connection refused (OS Error: Connection refused, errno = 111), address = 127.0.0.1, port = 43778, uri=https://w6pbdge4gzavwip63ezawiv363ronmeb277xgcfuq5dltx7lxtozs6ad.onion/graphql, originalStackTrace: #0      IOClient.send (package:http/src/io_client.dart:154:7)
<asynchronous suspension>
#1      HttpLink._executeRequest (package:gql_http_link/src/link.dart:141:24)
<asynchronous suspension>
#2      HttpLink.request (package:gql_http_link/src/link.dart:85:26)
<asynchronous suspension>
#3      _StreamIterator._onData (dart:async/stream_impl.dart:1108:3)
<asynchronous suspension>
, parsedResponse: null), graphqlErrors: []), timestamp: 2026-08-28 19:37:20.729431)
GraphQL Response: QueryResult(source: QueryResultSource.network, data: null, context: Context({}), exception: OperationException(linkException: ServerException(originalException: ClientException with SocketException: Connection refused (OS Error: Connection refused, errno = 111), address = 127.0.0.1, port = 45646, uri=https://w6pbdge4gzavwip63ezawiv363ronmeb277xgcfuq5dltx7lxtozs6ad.onion/graphql, originalStackTrace: #0      IOClient.send (package:http/src/io_client.dart:154:7)
<asynchronous suspension>
#1      HttpLink._executeRequest (package:gql_http_link/src/link.dart:141:24)
<asynchronous suspension>
#2      HttpLink.request (package:gql_http_link/src/link.dart:85:26)
<asynchronous suspension>
#3      _StreamIterator._onData (dart:async/stream_impl.dart:1108:3)
<asynchronous suspension>
, parsedResponse: null), graphqlErrors: []), timestamp: 2026-08-28 19:37:30.733694)
GraphQL Response: QueryResult(source: QueryResultSource.network, data: null, context: Context({}), exception: OperationException(linkException: ServerException(originalException: ClientException with SocketException: Connection refused (OS Error: Connection refused, errno = 111), address = 127.0.0.1, port = 41930, uri=https://w6pbdge4gzavwip63ezawiv363ronmeb277xgcfuq5dltx7lxtozs6ad.onion/graphql, originalStackTrace: #0      IOClient.send (package:http/src/io_client.dart:154:7)
<asynchronous suspension>
#1      HttpLink._executeRequest (package:gql_http_link/src/link.dart:141:24)
<asynchronous suspension>
#2      HttpLink.request (package:gql_http_link/src/link.dart:85:26)
<asynchronous suspension>
#3      _StreamIterator._onData (dart:async/stream_impl.dart:1108:3)
<asynchronous suspension>
, parsedResponse: null), graphqlErrors: []), timestamp: 2026-08-28 19:37:40.726150)
GraphQL Response: QueryResult(source: QueryResultSource.network, data: null, context: Context({}), exception: OperationException(linkException: ServerException(originalException: ClientException with SocketException: Connection refused (OS Error: Connection refused, errno = 111), address = 127.0.0.1, port = 43010, uri=https://w6pbdge4gzavwip63ezawiv363ronmeb277xgcfuq5dltx7lxtozs6ad.onion/graphql, originalStackTrace: #0      IOClient.send (package:http/src/io_client.dart:154:7)
<asynchronous suspension>
#1      HttpLink._executeRequest (package:gql_http_link/src/link.dart:141:24)
<asynchronous suspension>
#2      HttpLink.request (package:gql_http_link/src/link.dart:85:26)
<asynchronous suspension>
#3      _StreamIterator._onData (dart:async/stream_impl.dart:1108:3)
<asynchronous suspension>
, parsedResponse: null), graphqlErrors: []), timestamp: 2026-08-28 19:37:50.726061)
GraphQL Response: QueryResult(source: QueryResultSource.network, data: null, context: Context({}), exception: OperationException(linkException: ServerException(originalException: ClientException with SocketException: Connection refused (OS Error: Connection refused, errno = 111), address = 127.0.0.1, port = 48302, uri=https://w6pbdge4gzavwip63ezawiv363ronmeb277xgcfuq5dltx7lxtozs6ad.onion/graphql, originalStackTrace: #0      IOClient.send (package:http/src/io_client.dart:154:7)
<asynchronous suspension>
#1      HttpLink._executeRequest (package:gql_http_link/src/link.dart:141:24)
<asynchronous suspension>
#2      HttpLink.request (package:gql_http_link/src/link.dart:85:26)
<asynchronous suspension>
#3      _StreamIterator._onData (dart:async/stream_impl.dart:1108:3)
<asynchronous suspension>
, parsedResponse: null), graphqlErrors: []), timestamp: 2026-08-28 19:38:00.727142)
GraphQL Response: QueryResult(source: QueryResultSource.network, data: null, context: Context({}), exception: OperationException(linkException: ServerException(originalException: ClientException with SocketException: Connection refused (OS Error: Connection refused, errno = 111), address = 127.0.0.1, port = 57890, uri=https://w6pbdge4gzavwip63ezawiv363ronmeb277xgcfuq5dltx7lxtozs6ad.onion/graphql, originalStackTrace: #0      IOClient.send (package:http/src/io_client.dart:154:7)
<asynchronous suspension>
#1      HttpLink._executeRequest (package:gql_http_link/src/link.dart:141:24)
<asynchronous suspension>
#2      HttpLink.request (package:gql_http_link/src/link.dart:85:26)
<asynchronous suspension>
#3      _StreamIterator._onData (dart:async/stream_impl.dart:1108:3)
<asynchronous suspension>
, parsedResponse: null), graphqlErrors: []), timestamp: 2026-08-28 19:38:10.728541)
GraphQL Response: QueryResult(source: QueryResultSource.network, data: null, context: Context({}), exception: OperationException(linkException: ServerException(originalException: ClientException with SocketException: Connection refused (OS Error: Connection refused, errno = 111), address = 127.0.0.1, port = 42692, uri=https://w6pbdge4gzavwip63ezawiv363ronmeb277xgcfuq5dltx7lxtozs6ad.onion/graphql, originalStackTrace: #0      IOClient.send (package:http/src/io_client.dart:154:7)
<asynchronous suspension>
#1      HttpLink._executeRequest (package:gql_http_link/src/link.dart:141:24)
<asynchronous suspension>
#2      HttpLink.request (package:gql_http_link/src/link.dart:85:26)
<asynchronous suspension>
#3      _StreamIterator._onData (dart:async/stream_impl.dart:1108:3)
<asynchronous suspension>
, parsedResponse: null), graphqlErrors: []), timestamp: 2026-08-28 19:38:20.728011)
GraphQL Response: QueryResult(source: QueryResultSource.network, data: null, context: Context({}), exception: OperationException(linkException: ServerException(originalException: ClientException with SocketException: Connection refused (OS Error: Connection refused, errno = 111), address = 127.0.0.1, port = 48522, uri=https://w6pbdge4gzavwip63ezawiv363ronmeb277xgcfuq5dltx7lxtozs6ad.onion/graphql, originalStackTrace: #0      IOClient.send (package:http/src/io_client.dart:154:7)
<asynchronous suspension>
#1      HttpLink._executeRequest (package:gql_http_link/src/link.dart:141:24)
<asynchronous suspension>
#2      HttpLink.request (package:gql_http_link/src/link.dart:85:26)
<asynchronous suspension>
#3      _StreamIterator._onData (dart:async/stream_impl.dart:1108:3)
<asynchronous suspension>
, parsedResponse: null), graphqlErrors: []), timestamp: 2026-08-28 19:38:30.728259)
GraphQL Response: QueryResult(source: QueryResultSource.network, data: null, context: Context({}), exception: OperationException(linkException: ServerException(originalException: ClientException with SocketException: Connection refused (OS Error: Connection refused, errno = 111), address = 127.0.0.1, port = 45548, uri=https://w6pbdge4gzavwip63ezawiv363ronmeb277xgcfuq5dltx7lxtozs6ad.onion/graphql, originalStackTrace: #0      IOClient.send (package:http/src/io_client.dart:154:7)
<asynchronous suspension>
#1      HttpLink._executeRequest (package:gql_http_link/src/link.dart:141:24)
<asynchronous suspension>
#2      HttpLink.request (package:gql_http_link/src/link.dart:85:26)
<asynchronous suspension>
#3      _StreamIterator._onData (dart:async/stream_impl.dart:1108:3)
<asynchronous suspension>
, parsedResponse: null), graphqlErrors: []), timestamp: 2026-08-28 19:38:40.727396)
GraphQL Response: QueryResult(source: QueryResultSource.network, data: null, context: Context({}), exception: OperationException(linkException: ServerException(originalException: ClientException with SocketException: Connection refused (OS Error: Connection refused, errno = 111), address = 127.0.0.1, port = 48250, uri=https://w6pbdge4gzavwip63ezawiv363ronmeb277xgcfuq5dltx7lxtozs6ad.onion/graphql, originalStackTrace: #0      IOClient.send (package:http/src/io_client.dart:154:7)
<asynchronous suspension>
#1      HttpLink._executeRequest (package:gql_http_link/src/link.dart:141:24)
<asynchronous suspension>
#2      HttpLink.request (package:gql_http_link/src/link.dart:85:26)
<asynchronous suspension>
#3      _StreamIterator._onData (dart:async/stream_impl.dart:1108:3)
<asynchronous suspension>
, parsedResponse: null), graphqlErrors: []), timestamp: 2026-08-28 19:38:50.726159)
GraphQL Response: QueryResult(source: QueryResultSource.network, data: null, context: Context({}), exception: OperationException(linkException: ServerException(originalException: ClientException with SocketException: Connection refused (OS Error: Connection refused, errno = 111), address = 127.0.0.1, port = 54298, uri=https://w6pbdge4gzavwip63ezawiv363ronmeb277xgcfuq5dltx7lxtozs6ad.onion/graphql, originalStackTrace: #0      IOClient.send (package:http/src/io_client.dart:154:7)
<asynchronous suspension>
#1      HttpLink._executeRequest (package:gql_http_link/src/link.dart:141:24)
<asynchronous suspension>
#2      HttpLink.request (package:gql_http_link/src/link.dart:85:26)
<asynchronous suspension>
#3      _StreamIterator._onData (dart:async/stream_impl.dart:1108:3)
<asynchronous suspension>
, parsedResponse: null), graphqlErrors: []), timestamp: 2026-08-28 19:39:00.728111)
GraphQL Response: QueryResult(source: QueryResultSource.network, data: null, context: Context({}), exception: OperationException(linkException: ServerException(originalException: ClientException with SocketException: Connection refused (OS Error: Connection refused, errno = 111), address = 127.0.0.1, port = 36458, uri=https://w6pbdge4gzavwip63ezawiv363ronmeb277xgcfuq5dltx7lxtozs6ad.onion/graphql, originalStackTrace: #0      IOClient.send (package:http/src/io_client.dart:154:7)
<asynchronous suspension>
#1      HttpLink._executeRequest (package:gql_http_link/src/link.dart:141:24)
<asynchronous suspension>
#2      HttpLink.request (package:gql_http_link/src/link.dart:85:26)
<asynchronous suspension>
#3      _StreamIterator._onData (dart:async/stream_impl.dart:1108:3)
<asynchronous suspension>
, parsedResponse: null), graphqlErrors: []), timestamp: 2026-08-28 19:39:10.727178)
GraphQL Response: QueryResult(source: QueryResultSource.network, data: null, context: Context({}), exception: OperationException(linkException: ServerException(originalException: ClientException with SocketException: Connection refused (OS Error: Connection refused, errno = 111), address = 127.0.0.1, port = 40264, uri=https://w6pbdge4gzavwip63ezawiv363ronmeb277xgcfuq5dltx7lxtozs6ad.onion/graphql, originalStackTrace: #0      IOClient.send (package:http/src/io_client.dart:154:7)
<asynchronous suspension>
#1      HttpLink._executeRequest (package:gql_http_link/src/link.dart:141:24)
<asynchronous suspension>
#2      HttpLink.request (package:gql_http_link/src/link.dart:85:26)
<asynchronous suspension>
#3      _StreamIterator._onData (dart:async/stream_impl.dart:1108:3)
<asynchronous suspension>
, parsedResponse: null), graphqlErrors: []), timestamp: 2026-08-28 19:39:20.728529)
GraphQL Response: QueryResult(source: QueryResultSource.network, data: null, context: Context({}), exception: OperationException(linkException: ServerException(originalException: ClientException with SocketException: Connection refused (OS Error: Connection refused, errno = 111), address = 127.0.0.1, port = 48592, uri=https://w6pbdge4gzavwip63ezawiv363ronmeb277xgcfuq5dltx7lxtozs6ad.onion/graphql, originalStackTrace: #0      IOClient.send (package:http/src/io_client.dart:154:7)
<asynchronous suspension>
#1      HttpLink._executeRequest (package:gql_http_link/src/link.dart:141:24)
<asynchronous suspension>
#2      HttpLink.request (package:gql_http_link/src/link.dart:85:26)
<asynchronous suspension>
#3      _StreamIterator._onData (dart:async/stream_impl.dart:1108:3)
<asynchronous suspension>
, parsedResponse: null), graphqlErrors: []), timestamp: 2026-08-28 19:39:30.729528)
GraphQL Response: QueryResult(source: QueryResultSource.network, data: null, context: Context({}), exception: OperationException(linkException: ServerException(originalException: ClientException with SocketException: Connection refused (OS Error: Connection refused, errno = 111), address = 127.0.0.1, port = 53024, uri=https://w6pbdge4gzavwip63ezawiv363ronmeb277xgcfuq5dltx7lxtozs6ad.onion/graphql, originalStackTrace: #0      IOClient.send (package:http/src/io_client.dart:154:7)
<asynchronous suspension>
#1      HttpLink._executeRequest (package:gql_http_link/src/link.dart:141:24)
<asynchronous suspension>
#2      HttpLink.request (package:gql_http_link/src/link.dart:85:26)
<asynchronous suspension>
#3      _StreamIterator._onData (dart:async/stream_impl.dart:1108:3)
<asynchronous suspension>
, parsedResponse: null), graphqlErrors: []), timestamp: 2026-08-28 19:39:40.727613)
GraphQL Response: QueryResult(source: QueryResultSource.network, data: null, context: Context({}), exception: OperationException(linkException: ServerException(originalException: ClientException with SocketException: Connection refused (OS Error: Connection refused, errno = 111), address = 127.0.0.1, port = 41036, uri=https://w6pbdge4gzavwip63ezawiv363ronmeb277xgcfuq5dltx7lxtozs6ad.onion/graphql, originalStackTrace: #0      IOClient.send (package:http/src/io_client.dart:154:7)
<asynchronous suspension>
#1      HttpLink._executeRequest (package:gql_http_link/src/link.dart:141:24)
<asynchronous suspension>
#2      HttpLink.request (package:gql_http_link/src/link.dart:85:26)
<asynchronous suspension>
#3      _StreamIterator._onData (dart:async/stream_impl.dart:1108:3)
<asynchronous suspension>
, parsedResponse: null), graphqlErrors: []), timestamp: 2026-08-28 19:39:50.729146)
GraphQL Response: QueryResult(source: QueryResultSource.network, data: null, context: Context({}), exception: OperationException(linkException: ServerException(originalException: ClientException with SocketException: Connection refused (OS Error: Connection refused, errno = 111), address = 127.0.0.1, port = 41474, uri=https://w6pbdge4gzavwip63ezawiv363ronmeb277xgcfuq5dltx7lxtozs6ad.onion/graphql, originalStackTrace: #0      IOClient.send (package:http/src/io_client.dart:154:7)
<asynchronous suspension>
#1      HttpLink._executeRequest (package:gql_http_link/src/link.dart:141:24)
<asynchronous suspension>
#2      HttpLink.request (package:gql_http_link/src/link.dart:85:26)
<asynchronous suspension>
#3      _StreamIterator._onData (dart:async/stream_impl.dart:1108:3)
<asynchronous suspension>
, parsedResponse: null), graphqlErrors: []), timestamp: 2026-08-28 19:40:00.729924)
══╡ EXCEPTION CAUGHT BY FLUTTER TEST FRAMEWORK ╞════════════════════════════════════════════════════
The following assertion was thrown running a test:
pumpAndSettle timed out

When the exception was thrown, this was the stack:
#0      WidgetTester.pumpAndSettle.<anonymous closure> (package:flutter_test/src/widget_tester.dart:717:11)
<asynchronous suspension>
#1      TestAsyncUtils.guard.<anonymous closure> (package:flutter_test/src/test_async_utils.dart:130:27)
<asynchronous suspension>
#2      main.<anonymous closure> (file:///home/a/git/personal/selfprivacy/Manager-Ubuntu-SelfPrivacy-Over-Tor/flutter-app/selfprivacy.org.app/integration_test/providers_flow_test.dart:21:5)
<asynchronous suspension>
#3      testWidgets.<anonymous closure>.<anonymous closure> (package:flutter_test/src/widget_tester.dart:192:15)
<asynchronous suspension>
#4      TestWidgetsFlutterBinding._runTestBody (package:flutter_test/src/binding.dart:1952:5)
<asynchronous suspension>
<asynchronous suspension>
(elided one frame from package:stack_trace)

The test description was:
  Providers -> Services -> Providers (automated)
════════════════════════════════════════════════════════════════════════════════════════════════════
10:03 +0 -1: Providers -> Services -> Providers (automated) [E]
  Test failed. See exception logs above.
  The test description was: Providers -> Services -> Providers (automated)
  
10:03 +0 -1: (tearDownAll)
10:03 +0 -1: Some tests failed.

Failing tests:
  /home/a/git/personal/selfprivacy/Manager-Ubuntu-SelfPrivacy-Over-Tor/flutter-app/selfprivacy.org.app/integration_test/providers_flow_test.dart: Providers -> Services -> Providers (automated)
