# install.vm-local  net=- on=vm-local
# SP_BUILD_MODE=download SP_VM_ACTION=reinstall ./build-and-run.sh
# cwd /home/a/git/personal/selfprivacy/Manager-Ubuntu-SelfPrivacy-Over-Tor/backend
# started 2026-08-28T18:18:16Z


... [5091 lines trimmed] ...
copying path '/nix/store/4bkwxxi7wcynrpag6cn637lgyp139y2b-nix-2.31.2' to 'local'...
copying path '/nix/store/mvc46ac4bwgmxjmdzfk77a54kr2lp8ac-perl5.40.0-XML-LibXML-2.0210' from 'https://cache.nixos.org'...
copying path '/nix/store/k4z1ny31kd8n7yixm9wrbailz2grv7bg-util-linux-2.41.3-mount' to 'local'...
copying path '/nix/store/jzcamhji2jg8vkjd7yj0c7rpfyi1kkci-util-linux-2.41.3-swap' to 'local'...
copying path '/nix/store/67b06ar0bhs4y4lmm18ifx9gzb8cffjv-vim-9.1.1869' to 'local'...
copying path '/nix/store/k90rw25ylbj0giyxc3fbpg40vjzcckca-zstd-1.5.7-bin' to 'local'...
copying path '/nix/store/8nh3nbvya0jjybcnx6cgdq3zf2464g68-php-with-extensions-8.4.17' from 'https://cache.nixos.org'...
copying path '/nix/store/pscgbbcqz5al33ciza1c7mndja4rs1zr-wrap-lua-hook' from 'https://cache.nixos.org'...
building '/nix/store/nzi4min3vp87xh8xdmy7c2xyvn9465n6-etc-man_db.conf.drv'...
copying path '/nix/store/y4xr3zhg9xsyp1s4g2fcd1m46y2d8wxv-man-db-2.13.1' to 'local'...
copying path '/nix/store/v67hlrdryicvsw7lbl8r16ilmdrc1j37-nix-2.31.2' to 'local'...
copying path '/nix/store/c69hw5748g0al09nmrw0krqm08f11l35-systemd-default-tmpfiles' from 'https://cache.nixos.org'...
copying path '/nix/store/9xyx5c7196m5miczlpcn03y7qdadj64b-tor-0.4.8.22' from 'https://cache.nixos.org'...
copying path '/nix/store/wrkmi4k65d00lr1pkcjs69m739pww5c2-util-linux-2.41.3-bin' to 'local'...
copying path '/nix/store/4cb49nzhipif8p7v7nd8fx8nwk9g2gc1-valkey-8.1.4' from 'https://cache.nixos.org'...
building '/nix/store/y9428686yymkzqc993lrlh9j922piwsd-etc-modprobe.d-nixos.conf.drv'...
building '/nix/store/1y0apqpwrf46x0l962214nl0q06icjkz-etc-nanorc.drv'...
building '/nix/store/6jds32ypxvx8aflylxjv741ij9h58h8z-etc-netgroup.drv'...
copying path '/nix/store/ccwjwfki296p5ayn9cx2dj4fgqp9j4g4-mdadm-4.4' to 'local'...
copying path '/nix/store/i42q8xszl73ssl7nxa16l6d4hl5l6ph0-nixos-option' to 'local'...
copying path '/nix/store/4r8agxvhhxx4rzd734z9lkzy7vjag8ai-security-wrapper-mount-x86_64-unknown-linux-musl' to 'local'...
copying path '/nix/store/5hy1iv2nmbfs9vlfm98b3wb6j9gvf6dj-security-wrapper-umount-x86_64-unknown-linux-musl' to 'local'...
copying path '/nix/store/bxsx7jkldrzx8avfsq858l21piwsrk81-w3m-0.5.5' to 'local'...
building '/nix/store/xi806zfj16cbmis62r5wz52cpkcy821p-etc-nix-registry.json.drv'...
building '/nix/store/vjrmdyh1pzwlknv25rnsllgxnvdqxpls-etc-nscd.conf.drv'...
building '/nix/store/hlfp7z5wq1ndki5n40calxra3k9bn2y2-etc-nsswitch.conf.drv'...
building '/nix/store/l1y2s48p9ql9rdnp6h13ya6h6hnl7v1b-etc-os-release.drv'...
copying path '/nix/store/rmvh4652948r2npb64hv47pry1z6dzj4-python-imports-check-hook.sh' from 'https://cache.nixos.org'...
copying path '/nix/store/rsw0zishq5qr5nbzhkf080ddibnn8hq0-python3.12-aiofiles-24.1.0' from 'https://cache.nixos.org'...
copying path '/nix/store/nn1nrdvp97sgylf0y7fh06an2as68r98-python3.12-annotated-types-0.7.0' from 'https://cache.nixos.org'...
copying path '/nix/store/xgzjnsb9dagk5yxhjbfmnsca7w8ip5xf-python3.12-async-timeout-5.0.1' from 'https://cache.nixos.org'...
copying path '/nix/store/ck71h9a3l0yp9bbf60njaqsylqw6692g-python-catch-conflicts-hook' from 'https://cache.nixos.org'...
copying path '/nix/store/ms1mi5j8jlm1mfljjldlhhxahm888pc0-python3.12-graphql-core-3.2.6' from 'https://cache.nixos.org'...
copying path '/nix/store/aj8scrfls1p5h98d9ldwcr8ry0vhzcq2-python3.12-editables-0.5' from 'https://cache.nixos.org'...
copying path '/nix/store/5l4yna36yh7l3cw7wadrdmlpz6snxgi6-python3.12-greenlet-3.2.3' from 'https://cache.nixos.org'...
copying path '/nix/store/7zm6mi0yhfh6d4f04z13w3a8s6rs3inm-python3.12-h11-0.16.0' from 'https://cache.nixos.org'...
copying path '/nix/store/nr98is57fl32ygwlz2111qcdfhsi17jw-python3.12-certifi-2025.07.14' from 'https://cache.nixos.org'...
copying path '/nix/store/9qkwaghchz33mypbq5plf6fky0n5pbib-python3.12-charset-normalizer-3.4.3' from 'https://cache.nixos.org'...
copying path '/nix/store/2xy0g1kvspjw9jvqp54305gs173s6xn8-python3.12-click-8.2.1' from 'https://cache.nixos.org'...
building '/nix/store/7hcw9ydrh3sf4rs89az6k8p6fsnzx58m-etc-pam-environment.drv'...
copying path '/nix/store/967s9pdsvjnadxxrl21wvn4m8gcfnidf-python3.12-idna-3.11' from 'https://cache.nixos.org'...
copying path '/nix/store/kkhq8s7qlchd33s4hij33khr632396sc-python3.12-iniconfig-2.1.0' from 'https://cache.nixos.org'...
copying path '/nix/store/rxrjnavvwi59q2nhi2s9rp3jvymwxrih-python3.12-installer-0.7.0' from 'https://cache.nixos.org'...
copying path '/nix/store/1hd5242527yysprmwi6kpcigpjs87lj8-python3.12-itsdangerous-2.2.0' from 'https://cache.nixos.org'...
copying path '/nix/store/ywl8sjksixc4vk9mzbh2ss606py3qlfz-python3.12-libpass-1.9.3' from 'https://cache.nixos.org'...
copying path '/nix/store/mfmy2salqgafb982l4yxcf2m6fa30waj-python3.12-markupsafe-3.0.3' from 'https://cache.nixos.org'...
building '/nix/store/grc5jwlj1sasv0d5v0anjchg103rws9s-etc-prosody-certs-.dummy.drv'...
copying path '/nix/store/d8w08aakh58i1prcmi6mf6vl8g0cq09j-python3.12-mnemonic-0.21' from 'https://cache.nixos.org'...
copying path '/nix/store/qhn3n6lix58pr8hpnyaxlg5rwrrshky0-python3.12-opentelemetry-util-http-0.55b0' from 'https://cache.nixos.org'...
copying path '/nix/store/y6zm627wsxbyn1yp6i8aq6lw73hx0yld-python3.12-packaging-25.0' from 'https://cache.nixos.org'...
copying path '/nix/store/jfj6g9q0890lkjq3sjv0z0fwnva2q03l-python3.12-pathspec-0.12.1' from 'https://cache.nixos.org'...
copying path '/nix/store/4iq9r6yss75xlg2gys8pjdrw935n03ir-python3.12-pluggy-1.6.0' from 'https://cache.nixos.org'...
copying path '/nix/store/14gj46jkk3c77d64snclkqxcnjr2q1x0-python3.12-pycparser-2.23' from 'https://cache.nixos.org'...
copying path '/nix/store/365fb6s077shs1nimws6gib86izdnw1y-python3.12-protobuf-6.33.1' from 'https://cache.nixos.org'...
copying path '/nix/store/kj2cjxwffbx7757yzrw90c39bmyfg7v8-python3.12-psutil-7.1.2' from 'https://cache.nixos.org'...
building '/nix/store/grdddfva4gr4izvjjl2w2kks9rqa8lqi-etc-resolvconf.conf.drv'...
copying path '/nix/store/3w13fq2kb8rhbnmcwadsc5fk9sayi0ry-python3.12-httpcore-1.0.9' from 'https://cache.nixos.org'...
copying path '/nix/store/mcskjb5d4qzhfillggg0b1nr0r2aipgr-python3.12-jinja2-3.1.6' from 'https://cache.nixos.org'...
copying path '/nix/store/1mmr3wrsiiy4p837zqyfcs5warwg63zm-python3.12-pygments-2.19.2' from 'https://cache.nixos.org'...
copying path '/nix/store/qq6a7xj6dli67nb47yb2x277z5yvphgr-python3.12-pypng-0.20231004.0' from 'https://cache.nixos.org'...
copying path '/nix/store/gr6j2xf06aisgr8z26mnrlrhl1b4mdk1-python3.12-pyproject-hooks-1.2.0' from 'https://cache.nixos.org'...
building '/nix/store/9r2vqawih8hr5yxbk2qgbphsa5rkbpic-etc-selfprivacy-secrets.json.drv'...
copying path '/nix/store/5ci86gdl5ab52adcqdx0i6pysn5q4r8k-git-2.51.2' to 'local'...
copying path '/nix/store/04qkd2yvaxl7llv4136yaxy26d43l6ih-python3.12-passlib-1.9.3' from 'https://cache.nixos.org'...
copying path '/nix/store/ia0iri1g76hzdd81bw41pnm2rbyjk3ck-nixos-rebuild-ng-25.11' to 'local'...
copying path '/nix/store/9pbsa9ba01zs29ybjwpclmbrk22kmnsd-pypa-install-hook' from 'https://cache.nixos.org'...
copying path '/nix/store/dxwj4d5x8mqisk3pnia7yw9d34ylwr5c-python3.12-python-multipart-0.0.20' from 'https://cache.nixos.org'...
copying path '/nix/store/h5h5jncbjfdppdqkj4j4p5pzkzl56i52-python3.12-pytz-2025.2' from 'https://cache.nixos.org'...
copying path '/nix/store/lsw7c46xbprw7fldncq73q54zx0zm6k3-python3.12-qrcode-8.2' from 'https://cache.nixos.org'...
copying path '/nix/store/nf3idxgcp8zzn6af3iqbfk7235akxzyz-python3.12-sdbus-0.14.1.post0' from 'https://cache.nixos.org'...
copying path '/nix/store/8dccsn33rw1gwyrws1p813x1614f5sx5-python3.12-setuptools-80.9.0' from 'https://cache.nixos.org'...
copying path '/nix/store/zhmlaw0ds2dn49k70460g8csf74nakf8-python3.12-six-1.17.0' from 'https://cache.nixos.org'...
copying path '/nix/store/idv7sby4zhk4wzf3pbxqjcn882im1g7j-python3.12-sniffio-1.3.1' from 'https://cache.nixos.org'...
copying path '/nix/store/wwycrgfm0d0m70jfb58p5xpr38gz9sd0-python3.12-systemd-python-235' from 'https://cache.nixos.org'...
building '/nix/store/d1g8kamabl48r2dgfrbggjckm0vl23by-etc-shells.drv'...
copying path '/nix/store/4c6aalr03rlh2i5kbdvki7j7r5mgkrdz-python-runtime-deps-check-hook.sh' from 'https://cache.nixos.org'...
copying path '/nix/store/x3dm4nhba5cmk7qn3ahlb2m2py97zpsw-python3.12-build-1.3.0' from 'https://cache.nixos.org'...
copying path '/nix/store/5p0mv5s8q0vvcabr5sfcpp5dchbhg0b4-python3.12-googleapis-common-protos-3.31.3' from 'https://cache.nixos.org'...
copying path '/nix/store/3vlhm3rvfj0m72f1mr9rk6ffa71061v4-python3.12-cffi-2.0.0' from 'https://cache.nixos.org'...
copying path '/nix/store/jf08rvcj739zb5jmgk5gyz6gylkm958f-python3.12-urllib3-2.5.0' from 'https://cache.nixos.org'...
copying path '/nix/store/j1q2gc578y3j6ll6ysqszrn6x8qsixr0-python3.12-uvicorn-0.35.0' from 'https://cache.nixos.org'...
copying path '/nix/store/nhayhgz50rqxsxnzspabid6sig1dhxyv-python3.12-opentelemetry-proto-1.34.0' from 'https://cache.nixos.org'...
copying path '/nix/store/m284fy5s951p0lj4z3s714vpvq8lghps-python3.12-toml-0.10.2' from 'https://cache.nixos.org'...
copying path '/nix/store/7xv3vq0cma9dfl1c2h918h28blxf4zzc-python3.12-trove-classifiers-2025.9.11.17' from 'https://cache.nixos.org'...
copying path '/nix/store/vzyyzg5lf4cya8nc1xnwsqaf36p1jmsk-python3.12-typing-extensions-4.15.0' from 'https://cache.nixos.org'...
building '/nix/store/79876a3slqb415wm2n7lcvhgbymw494s-X-Restart-Triggers-resolvconf.drv'...
copying path '/nix/store/3bl893p33695gghq0kag3s5665cp7a34-python3.12-websockets-15.0.1' from 'https://cache.nixos.org'...
copying path '/nix/store/mhdlsmikqjpbs4ijyh6fgjmm11k521cv-python3.12-webencodings-0.5.1' from 'https://cache.nixos.org'...
copying path '/nix/store/j70zjc5gmmmz24i0qj35gvwffkx8m208-python3.12-python-dateutil-2.9.0.post0' from 'https://cache.nixos.org'...
building '/nix/store/dxxcapiws4k28hfjia71x379y75pp67b-etc-sp-modules-gitea.drv'...
copying path '/nix/store/hxs2jxjab2hc40fn5rr58jqxr0wlrs1v-python3.12-diceware-1.0.1' from 'https://cache.nixos.org'...
copying path '/nix/store/2yrbjlm8ynahipvlqbw6b800j97y7xgd-python3.12-pytest-8.4.2' from 'https://cache.nixos.org'...
copying path '/nix/store/h0x5nxcmaqgcb97f1blw1fjnrynsk92w-python3.13-cbor2-5.7.0' from 'https://cache.nixos.org'...
copying path '/nix/store/y4k0kv5ndw2sl2vg7zyaf9da090yllpc-python3.12-wheel-0.46.1' from 'https://cache.nixos.org'...
copying path '/nix/store/xgxizncjsj4sfvk13j0lmsrwaa8db19p-python3.12-zipp-3.23.0' from 'https://cache.nixos.org'...
copying path '/nix/store/cnzljiamha7xv7phyxgj87v2pb2l81wr-python3.12-zope-event-5.0' from 'https://cache.nixos.org'...
copying path '/nix/store/kqscid8kvl6yi84xq4rnjdzlr3cz6anf-python3.12-zope-interface-7.2' from 'https://cache.nixos.org'...
copying path '/nix/store/7gwb8f74fcl3q78gv0j5vbwv6p7yhbpa-python3.13-annotated-types-0.7.0' from 'https://cache.nixos.org'...
copying path '/nix/store/fqg812bphzm88m5xqp9xh4xaxz4vgq5d-python3.13-automat-25.4.16' from 'https://cache.nixos.org'...
copying path '/nix/store/r7v4ax6g95s0cjnpzx37qv6w8z9c4qx1-python3.12-wrapt-1.17.2' from 'https://cache.nixos.org'...
copying path '/nix/store/l0vy2n3inmpv5jqfnzizryigzdnl5v78-python3.13-bcrypt-5.0.0' from 'https://cache.nixos.org'...
copying path '/nix/store/0a0jnpvddyr2jww8r7b21z1468vpms8j-python3.13-cached-property-2.0.1' from 'https://cache.nixos.org'...
copying path '/nix/store/xfvc43y1hxwmc49xnl7vdhif1ymqaqzf-python3.13-attrs-25.3.0' from 'https://cache.nixos.org'...
building '/nix/store/4ky6wxdjy24bglm10nn7463adb1ac09d-etc-sp-modules-jitsi-meet.drv'...
copying path '/nix/store/gcwhqa6krrl3ixib0izkg8n1f0g1g70x-python3.12-anyio-4.11.0' from 'https://cache.nixos.org'...
copying path '/nix/store/idcgxl1i4wsr5j8b1wimrsb8ki6lh0iy-python3.12-argon2-cffi-bindings-25.1.0' from 'https://cache.nixos.org'...
copying path '/nix/store/wgijhfxhhj646rfa43499p7dgpwqgwwj-python3.12-asgiref-3.9.1' from 'https://cache.nixos.org'...
copying path '/nix/store/qgpady5ij15c9z9b99g1z1yazrnkp8h7-python3.12-cryptography-46.0.2' from 'https://cache.nixos.org'...
building '/nix/store/pyzp67g0ni06pvblyf6my758my2241j0-etc-sp-modules-matrix.drv'...
copying path '/nix/store/p4910jpsqjph7v8q90bcqmhxwh2hdqvd-forgejo-lts-11.0.10' from 'https://cache.nixos.org'...
copying path '/nix/store/4ys3jal2s87pw7mns3407xs62cpdai1m-python3.12-grpcio-1.76.0-dev' from 'https://cache.nixos.org'...
copying path '/nix/store/5ygnrpywyb8zdjzs16907byvhwm1vw58-python3.12-hatchling-1.27.0' from 'https://cache.nixos.org'...
copying path '/nix/store/jfll0ivlg0m2f4fa0x4ifwc7qcxdz4y8-python3.12-html5lib-1.1' from 'https://cache.nixos.org'...
copying path '/nix/store/4hs84l23774g91m5q9847qb1anaq0dy5-python3.12-importlib-metadata-8.7.0' from 'https://cache.nixos.org'...
copying path '/nix/store/2r4xh1v5i109y1ngxwpmjlyzp38j0bfk-python3.12-opentelemetry-exporter-otlp-proto-common-1.34.0' from 'https://cache.nixos.org'...
copying path '/nix/store/38acd4zvi1fw40s93xcjmc7acsh97k7n-python3.12-pydantic-core-2.33.2' from 'https://cache.nixos.org'...
copying path '/nix/store/vzbdhql45znglq1ia15cvpdsm76sd3bl-python3.12-requests-2.32.5' from 'https://cache.nixos.org'...
copying path '/nix/store/qw3spw54qh4p55ja7gr0slw75m2ww5jk-python3.12-strawberry-graphql-0.278.0' from 'https://cache.nixos.org'...
copying path '/nix/store/kvbjlpk28zhm0f8ndj6j6lgq0r4zg223-python3.12-typing-inspection-0.4.2' from 'https://cache.nixos.org'...
copying path '/nix/store/gi0lbgdzqm0ww1vgw5168fc8ffcxwxid-python3.13-certifi-2025.07.14' from 'https://cache.nixos.org'...
copying path '/nix/store/x2zabib7cqfk7wn29fp12g3cz4wy3z9n-python3.13-charset-normalizer-3.4.3' from 'https://cache.nixos.org'...
copying path '/nix/store/hdhip242can10znnm3dvhvf8v9268ffg-python3.13-colorama-0.4.6' from 'https://cache.nixos.org'...
building '/nix/store/42g93j9frnqxzqwnfh0qjsfyfih90nyg-etc-sp-modules-monitoring.drv'...
copying path '/nix/store/fh5wvnykgivprsi1z6x6lzkmwwg5543n-pypa-build-hook.sh' from 'https://cache.nixos.org'...
copying path '/nix/store/x5jymd92gr8jgan6g56vk4dq11rz3h4z-pytest-check-hook' from 'https://cache.nixos.org'...
copying path '/nix/store/sm8z4nqn4psw6jm0j9rc16lh0cafww4g-python3.12-argon2-cffi-25.1.0' from 'https://cache.nixos.org'...
copying path '/nix/store/1bxqf63afgx0lsnnr3a23vwnlzvd7356-python3.12-starlette-0.47.2' from 'https://cache.nixos.org'...
copying path '/nix/store/l3nlkwb4qlcl9s3ric21knslixqv9mp0-python3.13-configargparse-1.7.1' from 'https://cache.nixos.org'...
copying path '/nix/store/8v9c0y18gpqxhly0105kbkn9lyxxvmrk-python3.13-constantly-23.10.4' from 'https://cache.nixos.org'...
copying path '/nix/store/12m7l8hgmc3zfixmwqlsrx2chb43m5gh-python3.13-hiredis-3.2.1' from 'https://cache.nixos.org'...
copying path '/nix/store/9x3sv4y05jldx9l5wn4varfmzjdzq56c-python3.13-idna-3.11' from 'https://cache.nixos.org'...
copying path '/nix/store/jzrvkq2i6xpywi6dcy1d4rvgciniskcm-python3.13-immutabledict-4.2.2' from 'https://cache.nixos.org'...
copying path '/nix/store/b04zs1jsyy98v1jqalwvl55lb2cp3c5f-python3.13-lxml-6.0.2' from 'https://cache.nixos.org'...
copying path '/nix/store/j0pymzl8ikqd35v93pbic45457xka4bx-python3.12-deprecated-1.2.18' from 'https://cache.nixos.org'...
copying path '/nix/store/xba95fz8x4jmf13hn1zdqsbpb2qhdga5-python3.12-httpx-0.28.1' from 'https://cache.nixos.org'...
building '/nix/store/fk73rl4rc03fxmhc0x7pjjgxnqzbmcps-etc-sp-modules-nextcloud.drv'...
copying path '/nix/store/f525dbxlyp4w374810y2v3bwmxnsc35r-nextcloud-32.0.5-with-apps' from 'https://cache.nixos.org'...
copying path '/nix/store/9qpd936gqasll8z80cv4q126gys15j7r-python3.13-mccabe-0.7.0' from 'https://cache.nixos.org'...
copying path '/nix/store/fx45k6gdfaswjb4qrfzxsgn8p8154sky-python3.13-phonenumbers-9.0.10' from 'https://cache.nixos.org'...
copying path '/nix/store/yrvqfwzrylip715691wykr25bmysgzp8-python3.12-bleach-6.2.0' from 'https://cache.nixos.org'...
copying path '/nix/store/28ni45iiwfmhfmrbyhbminavpk320s4n-python3.12-gevent-25.5.1' from 'https://cache.nixos.org'...
copying path '/nix/store/ivikidb14yik660vm13nl8v4yngf4jk9-python3.13-markupsafe-3.0.3' from 'https://cache.nixos.org'...
copying path '/nix/store/9364iylh4ivq7fdc2dzbpkwvxsk6dz5r-python3.13-matrix-common-1.3.0' from 'https://cache.nixos.org'...
copying path '/nix/store/3fdxniyv1pja1brcl021d04ya41lczig-python3.13-mdurl-0.1.2' from 'https://cache.nixos.org'...
copying path '/nix/store/5swninvj2a8ff22ihmpbf879v8finbd3-python3.13-msgpack-1.1.1' from 'https://cache.nixos.org'...
copying path '/nix/store/l9amw9vagw0b20xw8md0lv2kc2frcflx-python3.13-multipart-1.3.0' from 'https://cache.nixos.org'...
copying path '/nix/store/ic5xnicm9nzr81dg2vkic2q2c9i4k256-python3.13-netaddr-1.3.0' from 'https://cache.nixos.org'...
copying path '/nix/store/ak0r5qbq3yzs0v9djzdnw3l8xi0c6pxa-python3.12-authlib-1.6.3' from 'https://cache.nixos.org'...
copying path '/nix/store/yd0np5437kd8ykmlfg1frwg8b98rlxci-python3.13-packaging-25.0' from 'https://cache.nixos.org'...
building '/nix/store/min49ycjlkba80qnqvbqivs47rghna8r-etc-ssh-ssh_config.drv'...
copying path '/nix/store/baicad3jcqb3i2j8yl4dwnywaa652dbw-python3.12-opentelemetry-api-1.34.0' from 'https://cache.nixos.org'...
copying path '/nix/store/1yd4lzifc8qcj3g8lzsh5bsmx16lbg6x-python3.12-pydantic-2.11.7' from 'https://cache.nixos.org'...
copying path '/nix/store/syh4q20vna2s2iy42s0gj5y04v5adwvn-python3.12-redis-6.2.0' from 'https://cache.nixos.org'...
copying path '/nix/store/6najkin5wsfpbv9rlrfg13a0ydncfzlp-python3.13-hyperlink-21.0.0' from 'https://cache.nixos.org'...
copying path '/nix/store/7nqfjmmclivpjjr3wlfzp5v9kx4r4kfd-python3.13-pillow-12.1.0' from 'https://cache.nixos.org'...
copying path '/nix/store/1bnmr8ndg0kbc6qpc3l9dgqhzcphynzq-python3.13-ply-3.11' from 'https://cache.nixos.org'...
copying path '/nix/store/x0z6bpzd9pq5czcw2fz5a0gmprrbj479-python3.13-prometheus-client-0.22.1' from 'https://cache.nixos.org'...
copying path '/nix/store/p0yqhmjsydgmhjb7vww3qjka3y6j3g07-python3.13-psycopg2-2.9.11' from 'https://cache.nixos.org'...
copying path '/nix/store/pp0mhpf1wyk93fpbm7iw3ir5baj1dd6c-python3.13-pyasn1-0.6.2' from 'https://cache.nixos.org'...
copying path '/nix/store/4zpnrxi5rdxvvk994wvpyr4x0jq27kx1-python3.13-pycodestyle-2.14.0' from 'https://cache.nixos.org'...
copying path '/nix/store/151b00zb3a5gyxshmr9y0kp4nrlnmp1r-python3.13-pycparser-2.23' from 'https://cache.nixos.org'...
building '/nix/store/1qddw3f8qndz8jgbnpq7l6c7887mrxfx-etc-ssh-ssh_known_hosts.drv'...
copying path '/nix/store/qvlcbjzcq0c9ldycn4h1p5ag9nd4bddv-nextcloud-occ' from 'https://cache.nixos.org'...
copying path '/nix/store/2h745m7snwp7h7a6ivs0g2np0yalp169-python3.13-ruamel-base-1.0.0' from 'https://cache.nixos.org'...
copying path '/nix/store/9mg4qw40lwhv5z4v2pzma06xm7pbi3ib-python3.13-ruamel-yaml-clib-0.2.12' from 'https://cache.nixos.org'...
copying path '/nix/store/qdylaq48ad65b614882bngs2rabqqxiz-python3.13-markdown-it-py-3.0.0' from 'https://cache.nixos.org'...
copying path '/nix/store/n1s734kpsy9if12c89q5jgy5bdsjygpw-python3.13-pyflakes-3.4.0' from 'https://cache.nixos.org'...
copying path '/nix/store/1b6ckzw0h0kry560synhp92l1rhvyv2f-python3.13-pyparsing-2.4.7' from 'https://cache.nixos.org'...
copying path '/nix/store/m3kgh929sqxca8yf93954jfp6f01z7rs-python3.13-pyparsing-3.2.3' from 'https://cache.nixos.org'...
copying path '/nix/store/zin7w54qaxf5hpal70cy6nqkgnzxiyxk-python3.13-python-multipart-0.0.20' from 'https://cache.nixos.org'...
copying path '/nix/store/g1zar5mj88idzg0ddpzg797wkq5f6b9d-python3.13-jinja2-3.1.6' from 'https://cache.nixos.org'...
copying path '/nix/store/kzvcyvmcwfl61fadgbh806qj8i896z8i-python3.13-pygments-2.19.2' from 'https://cache.nixos.org'...
copying path '/nix/store/g29hsqbpm0hm4y6yj4q5j4dyqx0x1zas-python3.13-pyyaml-6.0.3' from 'https://cache.nixos.org'...
copying path '/nix/store/q19g034m8abrdhdw14av3c5drn5r3cpj-python3.13-rpds-py-0.25.0' from 'https://cache.nixos.org'...
building '/nix/store/kka2ldry76w9b8fl9wy10nbg6b57lrm8-etc-sysctl.d-60-nixos.conf.drv'...
copying path '/nix/store/38pizb9ppqi98zlfr568f0q81df6ac7f-python3.12-opentelemetry-exporter-otlp-proto-grpc-1.34.0' from 'https://cache.nixos.org'...
copying path '/nix/store/64c1aj2s8sgrf0l8nag364qa1dl3cp6l-python3.12-huey-2.5.4' from 'https://cache.nixos.org'...
copying path '/nix/store/1n6r0dcrl6n2ssa925xplxn7wykjd55z-python3.13-cffi-2.0.0' from 'https://cache.nixos.org'...
copying path '/nix/store/b3kykgc7vr4cjjgggkrikc31hi2jlz64-python3.13-jsonpath-ng-1.7.0' from 'https://cache.nixos.org'...
copying path '/nix/store/khgchg27g9k13y3wvw72k3r293zpdd76-python3.12-portalocker-3.2.0' from 'https://cache.nixos.org'...
copying path '/nix/store/7k95f1v0q9aprrvywydlh2lcwk87jzdn-python3.12-opentelemetry-instrumentation-0.55b0' from 'https://cache.nixos.org'...
copying path '/nix/store/kw06lgqcr753w62xj3hg3jv5z15gir9i-python3.12-opentelemetry-semantic-conventions-0.55b0' from 'https://cache.nixos.org'...
building '/nix/store/js65b0nwk65972a03c3pah3gq7hgkga3-etc-systemd-coredump.conf.drv'...
copying path '/nix/store/71jbm36ai3jd1j4kn033b0fyv9h0dv2l-python3.12-fastapi-0.116.1' from 'https://cache.nixos.org'...
copying path '/nix/store/fjpfw3bg8ri84792n7n8svb5600f91iy-python3.13-flake8-7.3.0' from 'https://cache.nixos.org'...
copying path '/nix/store/dkiz4j42s55ifxf30gjnajmg985mfd20-python3.13-sortedcontainers-2.4.0' from 'https://cache.nixos.org'...
copying path '/nix/store/kznzb5dss1i5h1acv74f639d6iry1cr9-python3.13-systemd-python-235' from 'https://cache.nixos.org'...
copying path '/nix/store/0bq44x4rb5yaxamrg4lcznigw9xm6802-python3.13-tomlkit-0.12.5' from 'https://cache.nixos.org'...
copying path '/nix/store/bxzy4vygdg35xazr5wrn22i0bww2milf-python3.13-typing-extensions-4.15.0' from 'https://cache.nixos.org'...
copying path '/nix/store/kjqa5az403znmbhi56bbjxrqmz90jzbc-python3.13-u-msgpack-python-2.8.0' from 'https://cache.nixos.org'...
copying path '/nix/store/2nv5km12advpbb1vjia3zn5p21p0nk21-python3.13-unpaddedbase64-2.1.0' from 'https://cache.nixos.org'...
copying path '/nix/store/4narjqk4f76xhxwy6rl1xz6yvx205xzi-python3.13-pyasn1-modules-0.4.2' from 'https://cache.nixos.org'...
copying path '/nix/store/paic1hm7h41n9qg1209ngxnna4hjmb47-python3.13-setuptools-80.9.0' from 'https://cache.nixos.org'...
copying path '/nix/store/9wfwf4cychs5gpbvciwfq2gpln5grm38-python3.13-simplejson-3.20.2' from 'https://cache.nixos.org'...
copying path '/nix/store/7zgms92dkkzvhg89pk1938mgc9jwb5p6-python3.13-six-1.17.0' from 'https://cache.nixos.org'...
building '/nix/store/ihcyga5863mhwk80m99b4milsnaliph9-etc-systemd-journald.conf.drv'...
copying path '/nix/store/qg8mq8sgcl00iili0hs2svsn0h58nrmq-python3.12-opentelemetry-instrumentation-asgi-0.55b0' from 'https://cache.nixos.org'...
copying path '/nix/store/naipadgrwab3zadvx38gd97dshw3zbgq-python3.12-opentelemetry-instrumentation-httpx-0.55b0' from 'https://cache.nixos.org'...
copying path '/nix/store/c93valjd0m8vivry5bhjmr8vwanfgkw5-python3.12-opentelemetry-instrumentation-redis-0.55b0' from 'https://cache.nixos.org'...
copying path '/nix/store/9wxbnflw78gdc3lj2b04v30kdfp0q2kx-python3.13-cryptography-46.0.2' from 'https://cache.nixos.org'...
copying path '/nix/store/aiqyhzrbncf20gf6mqszsifl13madsj9-python3.13-ijson-3.4.0.post0' from 'https://cache.nixos.org'...
copying path '/nix/store/nasqjr3v1kppn22gxi8nakfkf7jybbk6-python3.13-pynacl-1.6.2' from 'https://cache.nixos.org'...
copying path '/nix/store/y9psm97q1an7zshm4ppd3m3rrja9ib3z-python3.13-ruamel-yaml-0.18.14' from 'https://cache.nixos.org'...
copying path '/nix/store/wrs0b929szbxczzjzpzjcspnyfkgnisx-python3.13-urllib3-2.5.0' from 'https://cache.nixos.org'...
copying path '/nix/store/sk6xz5516p03q2grqmjba8br9xfbd8gg-python3.13-webencodings-0.5.1' from 'https://cache.nixos.org'...
copying path '/nix/store/jsbma4nl2j9l98zlj9ksaxna3kcdbxzz-python3.13-zope-interface-7.2' from 'https://cache.nixos.org'...
copying path '/nix/store/ygqvi8r6c96lf64rz08fj37z30n1aprh-wrap-python-hook' from 'https://cache.nixos.org'...
copying path '/nix/store/gnizb9sybnlhxwksl3c8qhmamlnwgwpk-python3.12-opentelemetry-sdk-1.34.0' from 'https://cache.nixos.org'...
copying path '/nix/store/kwjx60nxxcxysl9y7ifd62y3wwb21m6h-gixy-0.1.21' from 'https://cache.nixos.org'...
building '/nix/store/pr71793b3zs12rq0a8lzl3x76bgj0dqb-X-Restart-Triggers-systemd-sysctl.drv'...
copying path '/nix/store/2n1iay55mazvlhwiywrbwalc09pn832g-python3.13-canonicaljson-2.0.0' from 'https://cache.nixos.org'...
copying path '/nix/store/1jgc4c26sqnbamn87d8h8iflfz50lh82-python3.13-pydantic-core-2.33.2' from 'https://cache.nixos.org'...
copying path '/nix/store/qaqx0y3lryawnrjlqxr25qi2syjvasxk-python3.13-pyrsistent-0.20.0' from 'https://cache.nixos.org'...
copying path '/nix/store/np88x2a5frhi1rbz30h4mm0rhc9qibq9-python3.13-python-dateutil-2.9.0.post0' from 'https://cache.nixos.org'...
copying path '/nix/store/xbc096xlqs0yjdx3sy3mczixbhw5rxsb-python3.13-referencing-0.36.2' from 'https://cache.nixos.org'...
copying path '/nix/store/32wv0bal7106bpr9r97xnv0nx9119zdk-python3.13-rich-14.1.0' from 'https://cache.nixos.org'...
copying path '/nix/store/d7zh6ylaws1gslc3ik9amh93xhya8zc6-python3.13-typing-inspection-0.4.2' from 'https://cache.nixos.org'...
copying path '/nix/store/07r3m13vgj3nkyagp3yqdfpblmghcgkj-python3.12-opentelemetry-instrumentation-fastapi-0.55b0' from 'https://cache.nixos.org'...
copying path '/nix/store/fc44s7l21rk385229qa1b2gbfr6wnah8-python3.12-opentelemetry-test-utils-0.55b0' from 'https://cache.nixos.org'...
copying path '/nix/store/n701hkicmq5cxxm91iqryhr8bld67001-python3.13-requests-2.32.5' from 'https://cache.nixos.org'...
copying path '/nix/store/8kb2qvf7ignpkyk5vczfx815gprqr1cy-python3.13-incremental-24.7.2' from 'https://cache.nixos.org'...
copying path '/nix/store/jwakna8z7hx8m6mradfl3r5chp3zq7a6-python3.13-html5lib-1.1' from 'https://cache.nixos.org'...
copying path '/nix/store/lp8r1y3szj76xk1ixi7fs986i0bmhjhr-python3.13-pymacaroons-0.13.0' from 'https://cache.nixos.org'...
copying path '/nix/store/rqz1k3am7s5kb6czlq5p2xwqlbd87b86-python3.13-pyopenssl-25.1.0-dev' from 'https://cache.nixos.org'...
building '/nix/store/dc1qwhrl383y8apy2nvvvc0zjni6sfyc-etc-systemd-logind.conf.drv'...
copying path '/nix/store/0wxbsizy36yvz374c08k4z85fn8ahp2q-python3.13-service-identity-24.2.0' from 'https://cache.nixos.org'...
copying path '/nix/store/c8fxr025v70qx3cbkidvpy2z4ig5lb1s-python3.13-bleach-6.2.0' from 'https://cache.nixos.org'...
copying path '/nix/store/ad0kashkfy6nxrk4ipl1114fm68kf8qh-python3.13-jsonschema-specifications-2025.4.1' from 'https://cache.nixos.org'...
copying path '/nix/store/8fdn6i9ijl9vij20v0q99qp5c2a97vq3-python3.13-signedjson-1.1.4' from 'https://cache.nixos.org'...
copying path '/nix/store/6hzf4hjfg2my2hq6wldqzd2va3mrb19b-python3.13-pydantic-2.11.7' from 'https://cache.nixos.org'...
copying path '/nix/store/672ykkcywm79c1niqkfkkdkvvmq48367-python3.13-twisted-25.5.0' from 'https://cache.nixos.org'...
building '/nix/store/78p32zfdj5fmh72qiimdb9zpgaxrkxax-X-Restart-Triggers-systemd-journald-.drv'...
copying path '/nix/store/a0yf07gar8i455pnbd04gzmm5s16dsk8-python3.13-jsonschema-4.25.0' from 'https://cache.nixos.org'...
copying path '/nix/store/06zmnar116jwnhr86zbjxdxgh20civsb-python3.13-rich-argparse-1.7.1' from 'https://cache.nixos.org'...
copying path '/nix/store/asmi7z3fm76501b2lc8j0qcq80sawzx2-python3.13-pyhocon-0.3.61' from 'https://cache.nixos.org'...
building '/nix/store/2v9mwqrlmfbdb1a1mhy8w3agqfajci68-X-Restart-Triggers-systemd-journald.drv'...
copying path '/nix/store/gy4gqw0k7c7pgllq3a3qgkprki7ygyp9-remarshal-0.17.1' from 'https://cache.nixos.org'...
building '/nix/store/vhvq846g8b6fc48wvlgbm1zm4danxfbd-etc-systemd-oomd.conf.drv'...
building '/nix/store/vsia37v829zcznzwzk1mpw4b0m2ghdcp-etc-systemd-sleep.conf.drv'...
copying path '/nix/store/85kyhs3vyvbws94fb1sy4058y8d9ah29-python3.13-treq-25.5.0' from 'https://cache.nixos.org'...
copying path '/nix/store/4bxwg40c3zkxa8v57j6cqknsvxyj8j2f-python3.13-txredisapi-1.4.11' from 'https://cache.nixos.org'...
building '/nix/store/2bs6b52bb87blf25lwp0p5w7dwh5sw5j-etc-systemd-system-preset-00-nixos.preset.drv'...
copying path '/nix/store/0w7nb4iqb9l55ifzdwq8cjp577hikphq-matrix-synapse-1.146.0' from 'https://cache.nixos.org'...
copying path '/nix/store/y12g8qp1fpliym3hyl7nw9krair17il7-python3-3.13.11-env' from 'https://cache.nixos.org'...
building '/nix/store/8ca38nvxyv616j71fnihsklf3hhzj1db-etc-systemd-timesyncd.conf.drv'...
building '/nix/store/brp9fz075m1jpdhza0rbkdy0b9h3sn33-etc-systemd-user-preset-00-nixos.preset.drv'...
building '/nix/store/jcawvkvqd2n1cxmk8xs9qcsi2y6i0d6c-etc-systemd-user.conf.drv'...
building '/nix/store/gmiy3hs005w53rnxdhs1hinzs1qpi18x-X-Restart-Triggers-systemd-timesyncd.drv'...
building '/nix/store/wz64abxxcyh8k5xadbzgirv0y9n4vql5-extra-hosts.drv'...
copying path '/nix/store/q8w4g5wznprr1nhsprpwf4lf4a7qlbcv-matrix-synapse-wrapped-1.146.0' from 'https://cache.nixos.org'...
building '/nix/store/81jwwf2j0qq09kk6633vrpfsjry0lb56-extra-hwdb-file.drv'...
building '/nix/store/g703l1faw0b3aw6l0w8920a73kwx1fhd-extra-udev-rules.drv'...
building '/nix/store/pngrfhd0xjrpmvrhp84hkaz6mgi7h277-firewall-start.drv'...
building '/nix/store/73z85007siny34qcqqj8sf6qaah4yz5n-firewall-stop.drv'...
building '/nix/store/fl9457d0bhxm9kr721376v6ajqq1jbbr-firmware.drv'...
building '/nix/store/rf0b8kzd12pn21p9m8a5xyi8hg4a2vch-fontconfig-etc.drv'...
building '/nix/store/ghy7wp7frdfw0g1b20flhh82zgdja7kn-firewall-reload.drv'...
building '/nix/store/gl2pcdwcqa5z88fn1jv7xbflz8fz6k7b-etc-modprobe.d-firmware.conf.drv'...
building '/nix/store/mlr4dsgabhwsr0d66g1bqhkhl524gp2c-getty.drv'...
building '/nix/store/9y73n7gbclb2gassx9qfajdjm1ayrw87-groupadd.pam.drv'...
building '/nix/store/3p4py0n233zczacsz0bdz3ppdy3vg0ig-groupdel.pam.drv'...
building '/nix/store/sv74w8yqmwm73w02mxzrmbabgg716kzp-getty.drv'...
building '/nix/store/jqg7dh29rmkwqiikv5izycdm63nj0pym-groupmems.pam.drv'...
building '/nix/store/ax5336j5rpha677ar7kljj6jqa9vhif3-groupmod.pam.drv'...
building '/nix/store/gaz3z4cyby3n66g2xf15ydvrga0qi4y3-grub-config.xml.drv'...
building '/nix/store/hh4xp4kascl8wfmmma0bda4l1ajlcxra-homeserver.yaml.drv'...
building '/nix/store/zypqi0m4caaj4xl6dqgyawdkynvsfmrf-hostname.drv'...
copying path '/nix/store/a2sl9l7dznfvdjbg4w2m1228h3g9v5h1-jicofo-1.0-1153' from 'https://cache.nixos.org'...
copying path '/nix/store/s795wcms3xrcq79shgq5yg2nbkr8x8mh-jitsi-videobridge2-2.3-249-g9a2123ad4' from 'https://cache.nixos.org'...
building '/nix/store/ps1hg6b6h8fr2rbxb4d3mrfqcc7dcqjh-index.html.drv'...
building '/nix/store/kf3h04p14izhg8hvhp7qlpr0l64xfk6d-initrd-fsinfo.drv'...
building '/nix/store/1l1d4yrv9z4xl7w2lrxv25arms8w2mjk-install-grub.pl.drv'...
building '/nix/store/wddcp2ra53fh1jbkb9z823mym0wm0q5s-ipv6-privacy-extensions.rules.drv'...
building '/nix/store/zg3iawqfsrrc73s3zxakd2qj7c36a621-ipv6-privacy-extensions.rules.drv'...
building '/nix/store/70zf9xz3q10j1dp8a9hand4lrjgckxpd-issue.drv'...
building '/nix/store/xwqpxdgvapk8rfy26wd6yp9yphwm2x0i-lessconfig.drv'...
building '/nix/store/43i3z2j4x8m1wgk8d1hlvglyxgapj24x-hwdb.bin.drv'...
building '/nix/store/88qzyi58mz71idjs4zjr6khhm4a7mgig-linux-6.12.69-modules.drv'...
building '/nix/store/4jfcwqmx1p1l2wnmyf74a53k8d3mvx8q-local-cmds.drv'...
building '/nix/store/y1jn0jxlc48qidrs38xsqd0lncw2xh1d-locale.conf.drv'...
building '/nix/store/r91k58l4dq02xl3lk64iqr6jmm85yj2b-localhost-hosts.drv'...
building '/nix/store/2s1ahghb05l4lndlwvcafsq9fj9l53av-login.defs.drv'...
building '/nix/store/wqbsvvjgxdiaizv8iz7his35ig9iafbp-login.pam.drv'...
building '/nix/store/yia45gb55909ahdciims39mffx0zk95g-logrotate.conf.drv'...
building '/nix/store/v0gcsdwr9ni8qa55dzc43slcn951gwdw-lua-cjson-luarocks-config.lua.drv'...
building '/nix/store/96xs6b7wibsz4lwy5pdgg4givjm876zf-matrix-synapse-fix-permissions.drv'...
building '/nix/store/s6ba985wjs20kf7v08imlk2czyx5ahmf-lua5.2-lua-cjson-2.1.0.10-1.drv'...
building '/nix/store/3ya64i8rfmp8cplnphi7riqzgbqinly7-matrix-synapse-register_new_matrix_user.drv'...
building '/nix/store/li7fb7jc9377kkk6f33452wqf05nivz6-lua-5.2.4-env.drv'...
building '/nix/store/jmi3qb4d0zz3f7kbwf8fxj2rhnmc1qf1-migrate-dhcpcd.drv'...
building '/nix/store/4flvik2n6kvb3k55wv0mxb89ky93jh6p-mount.vboxsf.drv'...
building '/nix/store/6wxv1s998vl210mm42l6w1nj1pcbz6pj-mounts.sh.drv'...
building '/nix/store/nl50kkdzriwqq887wf5b0xpz6gq1rf7m-etc-systemd-system.conf.drv'...
building '/nix/store/sd8c04jcfzaby3kmlvjmqihvy1zwm37w-nextcloud-settings.json.drv'...
building '/nix/store/hba0h9azpbkvz70nn5953hk2w8y3wrnk-nginx.conf.drv'...
building '/nix/store/c2xfkcp06zn8al5avxma056jk60pq1lw-nextcloud-config.php.drv'...
building '/nix/store/169p3wbq7jkj0lnryzfwcklrarhw1cy3-nix.conf.drv'...
building '/nix/store/gbcr7wzk9612clz2f046pwm8kshpg071-X-Restart-Triggers-nextcloud-setup.drv'...
building '/nix/store/jcgvwjjs35rjk2d41wp5k0qxpj5yvfcf-X-Restart-Triggers-nix-daemon.drv'...
building '/nix/store/5qm1xcbbr1wiwbm3vpv2lq41gvyx51f4-X-Restart-Triggers-phpfpm-nextcloud.drv'...
building '/nix/store/61nqscz8r7avhxwcsj3jxiy9i2h66h02-nixos-build-vms.drv'...
building '/nix/store/a590cfy0zkasw81x3raqmxx750cmgpc3-nixos-enter.drv'...
building '/nix/store/ij77srd0ias43aqy8qphb4x46sp72pn6-nixos-help.drv'...
building '/nix/store/98n309px7i3wc81qbqkvqainhh7qii4a-nixos-install.drv'...
building '/nix/store/q48ii558pvbm03a4w1askvg6xyk8n4ps-nixos-manual.desktop.drv'...
building '/nix/store/7hy212plw94zvfrydp9cvqbz20b9rwh0-nixos-tmpfiles.d.drv'...
building '/nix/store/md2wp93kgwsp1kxpvh162wbkc1160dg6-nixos-help.drv'...
building '/nix/store/kwdc3sr1i13nb0k5cjr3p7x1v5ljwc1f-linux-6.12.69-modules-shrunk.drv'...
building '/nix/store/7pmzgp19m3119hx2syb4md2g3g46f5dj-nixos-version.drv'...
building '/nix/store/h2gvnmb96x9h8rjd375zwbx77prip416-nixos.conf.drv'...
building '/nix/store/a84zs1s7jn8mz2smz6ifqq8rkwr777ja-other.pam.drv'...
building '/nix/store/98j92mnhkvn24xzprw4mss2dv8kf3xg0-X-Restart-Triggers-systemd-modules-load.drv'...
building '/nix/store/p231f68x2sml6ms7f20h7m9a650z210c-passwd.pam.drv'...
building '/nix/store/kp7a0l0mcavwyi14jd5in46hvrr31iif-perl-5.40.0-env.drv'...
building '/nix/store/szzylyfgnrnbcnmq162ch64anap7qzv7-perl-5.40.0-env.drv'...
building '/nix/store/v2jxgcn493k8rbm3l13zdramfspvd9nn-perl-5.40.0-env.drv'...
building '/nix/store/smh11z6g3ahl6jjycpxma5z73xn4jzgw-nixos-generate-config.drv'...
building '/nix/store/xb9k2iw0rhz69nx31qv213s79paijimk-perl-5.40.0-env.drv'...
building '/nix/store/zav37dqp7hpr0ar05k30h21k5idcldgk-perl-5.40.0-env.drv'...
building '/nix/store/7brininfppk96z0byj00cx4jkm7nbqi3-pg_hba.conf.drv'...
building '/nix/store/qiklv602gf85wyfm9lkvphb03s1qqwnk-install-grub.sh.drv'...
building '/nix/store/52yljl1ry88vanr77lgmygjjpnj5yh5y-pg_ident.conf.drv'...
building '/nix/store/0d4zxwaj1bdcx22ja27qfvmfvbmw43kz-phpfpm-nextcloud.conf.drv'...
building '/nix/store/ygl6j1jkz78kdvpkcwqxf7m32i4x2gnz-postgresql-and-plugins-17.7.drv'...
building '/nix/store/3l4b0mqy1s2b6j9q6nrbl7bbyypsyvyy-postgresql.conf.drv'...
building '/nix/store/9arz077yvgc7i8kfayparfgghjpaw26q-prometheus.yml.drv'...
building '/nix/store/ybv0rsiimyi6b47cshy1cni9hk19sq59-prosody-13.0.3.drv'...
building '/nix/store/ilzdfyg4ascg4vcmp8zcsyvypvdkh8na-prosody.cfg.lua.drv'...
building '/nix/store/w3kbcy7ab0y668hha11xzbhj58yqmjwl-prometheus.yml-checkconfig-checked.drv'...
building '/nix/store/g8dz8iciqvxd3zb77c20mvkzrc8h2kzk-python3-3.13.11-env.drv'...
building '/nix/store/shnz8bnjvpnmybj0dn3b449iy4gi0ykd-python3.12-opentelemetry-instrumentation-threading-0.55b0.drv'...
building '/nix/store/j2i154877f02gwjsbf1l8l9p61wnjb0w-pythoncheck.sh.drv'...
building '/nix/store/zvgc6yya6s1aw2x4hf6irnr166q5hjh6-prosody.cfg.lua.drv'...
building '/nix/store/9ww8mjw6l1x76q7m7q2v5ib3y1yxv2di-pythoncheck.sh.drv'...
building '/nix/store/h0xnhxyhihpazj1a9g0c6m6ng314nn0l-X-Restart-Triggers-prosody.drv'...
building '/nix/store/irxzjvg9ly32z5k4y0hjfq0qkdi4mig2-hocon-validator.drv'...
building '/nix/store/13im767y90ijrq6hvmid6xy3m2dnryxp-redis.conf.drv'...
building '/nix/store/kpfz37gw63745j3kkp6gf39ka1pfjfvp-jicofo.conf.drv'...
building '/nix/store/pcq391kqdmv9dnz4hc8d5q27mvlxvsrs-jvb.conf.drv'...
building '/nix/store/bghpk1a5dyqc64nm90v98rijlv3jcb4z-redis-nextcloud-prep-conf.drv'...
building '/nix/store/602kpz1m7d4pamsq8g1vv13b9yfwll04-X-Restart-Triggers-jicofo.drv'...
building '/nix/store/zszx5sx0nss221h2f0am68ra6dvq05fa-redis.conf.drv'...
building '/nix/store/n8wcj6rcd4dlk1xwjkw78psr4yzj9pil-runuser-l.pam.drv'...
building '/nix/store/qy4f3hqjakiypph21bbsmzls3jdl3wix-runuser.pam.drv'...
building '/nix/store/7jdishj3mz9wpp3q58mbrk7rq84nf8m9-redis-sp-api-prep-conf.drv'...
building '/nix/store/3qcsx8sgzigjcb4kyhryvvws2mx34grg-selfprivacy-api-source.drv'...
building '/nix/store/04wa0861bq2xbwngyasa0hqw2xrhaqjv-set-environment.drv'...
building '/nix/store/dpb78mvqrm9bnlm2612cg3n3x6disb1p-set-onion-domain.py.drv'...
building '/nix/store/c1k003rppmcvd39k579cfa57jjh97y6r-etc-profile.drv'...
building '/nix/store/4606wr8isyg9gfg6yzk4iwh2r4hqrcsg-shutdown-ramfs-contents.json.drv'...
building '/nix/store/7cfjxdf059dh30hvbi5f4s3nd7d0b9zf-python3.12-selfprivacy-graphql-api-1b1cbff.drv'...
building '/nix/store/30sbbdcfc2zslsc7x3p84q2aqm3y0ih2-ssh-root-provision.conf.drv'...
building '/nix/store/rykzbc1g0qsabqgwrfkvmg40i9brvs3v-sshd.conf-settings.drv'...
building '/nix/store/ddqnm9r1n7qch6wpsa4cw7fh5gagh0x2-sshd.pam.drv'...
building '/nix/store/xxkbmv8lvh35pk4hkz1l4awmcf9frm0k-sshd.conf-final.drv'...
building '/nix/store/43hszlap9bw9if1j00wjfylsbhzi8iw2-stage-1-init.sh.drv'...
building '/nix/store/g5rb9jnv7hyjm845z6da4jnglpgfq9dc-X-Restart-Triggers-sshd.drv'...
building '/nix/store/3l9nka92zhmhjmx19kdfyklqczb64kgl-check-sshd-config.drv'...
building '/nix/store/acl8hp2l26as0immw6p3bkyf2haz2mpq-closure-info.drv'...
building '/nix/store/imicinrk45yk7p0gli4mh1kbs7k6hwsp-stage-2-init.sh.drv'...
building '/nix/store/xp1hw917m2n77cbgwwxlhjvf4ypmk1bw-initrd-linux-6.12.69.drv'...
building '/nix/store/sj9x022kyqxhhsdkwjn1hwi7vzvv7rvx-string-hosts.drv'...
building '/nix/store/0rdsfizdgywkqb5m6jw7drrhay5k18g5-boot.json.drv'...
building '/nix/store/j6hwa7lyk7wn8hgr3ifdrw9g1qci8yvh-hosts.drv'...
building '/nix/store/q0a5bbnnbnqy8n7adihwgk2dml7wd5nd-su.pam.drv'...
building '/nix/store/a4w1knfn63sly6ijmjwpl4s0cc9h8703-sudo.pam.drv'...
building '/nix/store/lv359qy5rzmrqxsfxbk0pp337fimdrb7-system-path.drv'...
building '/nix/store/zbs657hsxjc55f77qlan9azpfyhncxv2-systemd-user.pam.drv'...
building '/nix/store/95qag99f80dbhmnh4mlacdixv7l8dnrj-dbus-1.drv'...
building '/nix/store/1bbdv7f787z74pp3fay654ycn5nx8c1n-python3-3.12.12-env.drv'...
building '/nix/store/jmmbzvy73zsda0dhj30dk8s473v48xxz-systemd.drv'...
building '/nix/store/gjbaylr0nrqxcl02rb88qvkhjfg9r1np-X-Restart-Triggers-dbus.drv'...
building '/nix/store/2v6irjd5p6p2vscvg1ikw488ny1cq73q-50-coredump.conf.drv'...
building '/nix/store/4hr4mn4zcvpw20ln9m8dqw4ksjif7aiv-tmpfiles.d.drv'...
building '/nix/store/sfbjnvprvs61rhif2cqwk074c8ymcdjg-torrc.drv'...
building '/nix/store/qi274859g2gky7vy8j6mji7ad1qv7d9r-X-Restart-Triggers-systemd-tmpfiles-resetup.drv'...
building '/nix/store/9j9s93mis9vhdk1lizzbxzdcla34qpph-X-Restart-Triggers-tor.drv'...
building '/nix/store/b1akkxkjqmir8dfz3mhc39ibjcq411x5-udev-path.drv'...
building '/nix/store/6wmv32mwd6cydssmimmry8zmhbh7zmdc-unit--.slice.drv'...
building '/nix/store/rmnlc2nwyb0zshs3mf9kwjczzvqyka8v-udev-rules.drv'...
building '/nix/store/m34ilp5axvs8wklqj291xkmdj61h1f2m-unit-autovt-.service.drv'...
building '/nix/store/1i58yxm7jx91kl6k7s7n6djmyxcbnxj1-X-Restart-Triggers-systemd-udevd.drv'...
building '/nix/store/jfsyn5q6yzlmra2lzfrcswdrcw81ynnq-unit-console-getty.service-disabled.drv'...
building '/nix/store/0sijwv6yqngdcybvqb4h37jhr4h9nw5j-unit-container-getty-.service.drv'...
building '/nix/store/fgjp7bzxqy0ccbkynqx51mh7w79b5v5f-unit-dbus.service.drv'...
building '/nix/store/kxkh5n87vpjwq4hg7whx7wm2kipswfmj-unit-dbus.service.drv'...
building '/nix/store/4wqh1sa99iql6ixpbg50ihsaxw9jxq1q-unit-dbus.socket.drv'...
building '/nix/store/g3bcblfm980imnpy2g2s6wyi98yzj45r-unit-dhcpcd.service.drv'...
building '/nix/store/nffjhj91jnc4xk4j5clai46704bpibnr-unit-firewall.service.drv'...
building '/nix/store/74y2cr9gx83x2gghhw3v9w4hbiadrw0n-unit-forgejo.slice.drv'...
building '/nix/store/kz6liqabhazmfq0mfqcs4mhyijf4gnbi-unit-fs.target.drv'...
building '/nix/store/gjlimsnrmdkdag54r1ffdzpfqzdnf6xw-unit-fstrim.timer.drv'...
building '/nix/store/v0bmbj0p66arib3zjrch81fy9nsqpcny-unit-generate-shutdown-ramfs.service.drv'...
building '/nix/store/hfb9bvdx8a60vlx4390lx8gikb73qfkp-unit-getty-.service.drv'...
building '/nix/store/i7nli8a840v5i8vx2h8sh9fdckva1p8b-unit-getty.target.drv'...
building '/nix/store/3rimf5xbiq9bjwl0qmva10nfy55xvnkl-unit-jitsi_meet.slice.drv'...
building '/nix/store/y5zijrsfrdfbxcsl13y9q9zxqha0msl2-unit-keys.target.drv'...
building '/nix/store/asyrcg1zh9yd0svhcgpq0w9v7w0ql43i-unit-kmod-static-nodes.service.drv'...
building '/nix/store/4vf2gn3ryc674yp1scr4b0cycwjnvis5-unit-lastlog2-import.service.drv'...
building '/nix/store/kygz0g9ypkmch761akjz0y8bslj1w5by-unit-local-fs.target.drv'...
building '/nix/store/mk20s96ilnljngxn4n97jrayl9i8qmd0-unit-logrotate-checkconf.service.drv'...
building '/nix/store/hjqilqp7z08n4805vnlq24g35yf4xlln-unit-logrotate.service.drv'...
building '/nix/store/fivbphmyfwfrgchw46jxv9fax5jjv45c-unit-logrotate.timer.drv'...
building '/nix/store/7grqnbxw76pj1x40gb2rpnk8yfgj08ny-unit-matrix.slice.drv'...
building '/nix/store/9kgzm0j5h9msd4ckf57ifdnfjgvwfr5b-unit-monitoring.slice.drv'...
building '/nix/store/z4wzybd8w11763gq9sjb70nl20qp1wv3-unit-multi-user.target.drv'...
building '/nix/store/vi7g9z07cbjds12143v203yqp0ng5hha-unit-network-local-commands.service-disabled.drv'...
building '/nix/store/fsfcx098ic3h1zxb8nwgfvrzirskh38p-unit-nextcloud-cron.timer.drv'...
building '/nix/store/xi0lahynh6h9r4rn7z2zy4fvgbyhyc4j-unit-nextcloud-update-plugins.service.drv'...
building '/nix/store/5jgrwnqxlzf8f5q19pnqakxmnxh5i3bz-unit-nextcloud-update-plugins.timer.drv'...
building '/nix/store/rl7xrfn3chx98sbnyhcsp5gxh3p7zal8-unit-nextcloud.slice.drv'...
building '/nix/store/wd221nb8pcc3ry7aaqh0plj9rpzkvs0x-unit-nix-daemon.service.drv'...
building '/nix/store/bs3yn3rypg9sm2n0ic3v11l8bs5nl915-unit-nix-daemon.socket.drv'...
building '/nix/store/d5q8d2jrrvxw3aav88p9c9m6hs3r2wg8-unit-nix-optimise.service.drv'...
building '/nix/store/f3c65llcyvhz73410h0674c689hvz9w7-unit-nixos-fake-graphical-session.target.drv'...
building '/nix/store/zg37rvwx9jg0rzzixbvvm4yyk3y1vd3a-unit-nscd.service.drv'...
building '/nix/store/8bnbqxlr20zx0nhxysk1awqyswdq5r3v-unit-phpfpm-nextcloud.service.drv'...
building '/nix/store/1pv3n1g3ml0jm8lmz1374r9dnpsnmwh0-unit-phpfpm.target.drv'...
building '/nix/store/37dzrc10cblnpayraya4psi0dg0palxb-unit-post-resume.target.drv'...
building '/nix/store/45k8nj8097c7r5ylr11dkx0y02nnv133-unit-postgresql.target.drv'...
building '/nix/store/1jw6ra2jib3n2fvwvsiqzrx09606mncc-unit-prometheus-node-exporter.service.drv'...
building '/nix/store/bkyqamdbzf09qzsbg1l5i3xijbg5bz05-unit-prometheus.service.drv'...
building '/nix/store/pp2a7rz77j0xsbvakgnpmlkpqzwz03h9-unit-redis-nextcloud.service.drv'...
building '/nix/store/8an7gx6krbb0sqs7dy8f5n1myywvws0l-unit-redis-sp-api.service.drv'...
building '/nix/store/0d7lakd13a2dywx22ijfnc1dxqyqk038-unit-remote-fs.target.drv'...
building '/nix/store/9khdflqn4z1rj3rbaxs3px0hiv84a2g5-unit-run-initramfs.mount.drv'...
building '/nix/store/aabknma5rrry9ij2hxqm62xrq587fjbp-unit-run-wrappers.mount.drv'...
building '/nix/store/pdnivzphp1x2lzr51id0q41j47gyibww-unit-save-hwclock.service.drv'...
building '/nix/store/4xadfcvqlk15ryz4gfp7rgj7zifm51ph-unit-script-cadvisor-post-start.drv'...
building '/nix/store/8mgrsapzixfjf8135sp3cx937svnyszg-unit-script-cadvisor-start.drv'...
building '/nix/store/mn5an094wf06vxixwa13sd0qyp2j49jy-unit-script-forgejo-pre-start.drv'...
building '/nix/store/rf5j0wnrhxy2c5jz1x1igvph4mf5nzg8-unit-script-forgejo-secrets-start.drv'...
building '/nix/store/yaa3dcllw9q74lnwdwasz0xgz9ly84f1-unit-cadvisor.service.drv'...
building '/nix/store/igzdpkrlnjs29yh5vghy46ydkwcssid4-unit-forgejo.service.drv'...
building '/nix/store/lyrv95rd7bfhidxgjjk9gwb696zm8f96-unit-forgejo-secrets.service.drv'...
building '/nix/store/04qk3i9knmf68257h04b7jd767ry6818-unit-script-jicofo-start.drv'...
building '/nix/store/1qni8dav7zgqm15hfgbmxgfadsbn9d9g-unit-script-jitsi-meet-init-secrets-start.drv'...
building '/nix/store/n6sn2bq7fh9npk05w1zxhqgk718ps0x9-unit-script-jitsi-videobridge2-start.drv'...
building '/nix/store/gpwvjlhlagqcx481wwhgkwakqz6ilibc-unit-jicofo.service.drv'...
building '/nix/store/swjj9rn6hwnranrhvwwd2waivmd1d9q0-unit-jitsi-meet-init-secrets.service.drv'...
building '/nix/store/1x2dlfhskmybc5s7pak4lj5wyylmxm0h-unit-jitsi-videobridge2.service.drv'...
building '/nix/store/xfghrlszxrj40isfakq4j9nkcf2kjgng-unit-script-linger-users-start.drv'...
building '/nix/store/15r1hvviyb2frm1l4l97zmzk349rvslw-unit-script-matrix-synapse-pre-start.drv'...
building '/nix/store/mjgm9cvvmivv6dj3jqqwkw9kraal68dp-unit-script-network-setup-start.drv'...
building '/nix/store/fwjdqr59v5p3yrgw9h79b5grg8f9ab40-unit-linger-users.service.drv'...
building '/nix/store/518zarlbrs8ld166wl5ns3c0hmh22r2f-unit-matrix-synapse.service.drv'...
building '/nix/store/0xkk4lmyl4vf38lqd9d82w6gsxkj7jqf-unit-network-setup.service.drv'...
building '/nix/store/h96xfrnkb6gyrmaz20f0i59b29k97m7q-unit-script-nextcloud-cron-start.drv'...
building '/nix/store/83vzqk38xp54sq4svxvkrlnr0lb67a87-unit-script-nextcloud-secrets-start.drv'...
building '/nix/store/mky8s6imk37cxn79y5dspb1h0ba9qcb6-unit-script-nextcloud-set-onion-host-start.drv'...
building '/nix/store/m973s79dijav6byxxffa29n0686xvjal-unit-nextcloud-cron.service.drv'...
building '/nix/store/2awbhm5x40gdww9mx62h0lzimjx5lb2a-unit-nextcloud-secrets.service.drv'...
building '/nix/store/48mkckpp98bm3qn97m4lpi9d430dln1f-unit-nextcloud-set-onion-host.service.drv'...
building '/nix/store/il72l2nd4cmrjd6pwgjys391dqgah29p-unit-script-nextcloud-setup-start.drv'...
building '/nix/store/7yv9mqhkzmph58azig95na1ggaf9rai5-unit-script-nextcloud-update-db-start.drv'...
building '/nix/store/9nig400wvlb9mvi8gsnzjdygynmyc81h-unit-script-nginx-pre-start.drv'...
building '/nix/store/6d84rfdwjra8i2qnkwdbl5x43ci4k7gd-unit-nextcloud-setup.service.drv'...
building '/nix/store/g3ams7bcl2dbb16wdyqrw053zfvkycsk-unit-nextcloud-update-db.service.drv'...
building '/nix/store/h2yj9b41pmzyiag685ilkgsdaxpy9bsz-unit-nginx.service.drv'...
building '/nix/store/r9rmfczyarx0ib2saw4xx32bc4ij0abm-unit-script-nix-gc-start.drv'...
building '/nix/store/8kain97g41psva2kl86pzjhyqy7j19ss-unit-script-nixos-activation-start.drv'...
building '/nix/store/pc68i8w16han3mvcp48s17r0mdhym4if-unit-script-post-resume-start.drv'...
building '/nix/store/ngyknlf0xrszxdbdfn9lwrr1gd8q7z44-unit-nix-gc.service.drv'...
building '/nix/store/4h3dq17x97pkcj2sb7gi287f0412w4as-unit-nixos-activation.service.drv'...
building '/nix/store/9axfns24c01v0gnvbz86fwrl6hnxvxrd-unit-post-resume.service.drv'...
building '/nix/store/aamdiv17kjmm7va7ss56zsdfq2hhiymh-unit-script-postgresql-pre-start.drv'...
building '/nix/store/kfm18rcbc8bki1c90d22w60x37ilhjb3-unit-script-postgresql-setup-start.drv'...
building '/nix/store/zrl7njid3kxzmj7myz6f81sjay8rdpgb-unit-script-pre-sleep-start.drv'...
building '/nix/store/z17d9qksbj6kcmrw6di4mxj31p5zlzdm-unit-postgresql.service.drv'...
building '/nix/store/kq1v8pwlgf02y3jknvq0gq4x2931hi9p-unit-postgresql-setup.service.drv'...
building '/nix/store/5crpyz3grpvnnlq3m7b2r9v33iv4fdkx-unit-pre-sleep.service.drv'...
building '/nix/store/ymwwgbxas44bhjxiw5613ikxmbj67qrl-unit-script-prepare-kexec-start.drv'...
building '/nix/store/k3i8s1baxv0flx1agcdpqv5v7qz8bagc-unit-script-prosody-pre-start.drv'...
building '/nix/store/ykxbb1hkp5wpylb32npmxdznkzdgcnxm-unit-script-resolvconf-start.drv'...
building '/nix/store/0zrxslh9664v3504f1lb0hjilwqzljkv-unit-prepare-kexec.service.drv'...
building '/nix/store/3w3y6vnv495qj3hyghswz74i9bi4wdr0-unit-prosody.service.drv'...
building '/nix/store/fyn99gr3na688xf2xnhhgkjwfk3bivim-unit-resolvconf.service.drv'...
building '/nix/store/v0z9sj797n6zapsj7wnz38mcwll5nssr-unit-script-selfprivacy-generate-ssl-cert-start.drv'...
building '/nix/store/3mfbm8sjvpwcch60dkw0fcw4ni67dzad-unit-script-selfprivacy-init-sp-modules-start.drv'...
building '/nix/store/r57i5phvij8adb335qb7qx8xmi3wizzk-unit-script-selfprivacy-init-userdata-start.drv'...
building '/nix/store/1kq79i8bhxbbw456bxcdyyzwl8fzb1k9-unit-script-selfprivacy-set-onion-domain-start.drv'...
building '/nix/store/22ybvxiydgvkzrh9qpnyyhpm7db2dyb5-unit-script-show-onion-start.drv'...
building '/nix/store/xjdicqn4hszvgazm2g57llhkz4g06qq2-unit-script-sshd-keygen-start.drv'...
building '/nix/store/5sz9f2zrfv75akcl79wkxpsf24a170sk-unit-script-suid-sgid-wrappers-start.drv'...
building '/nix/store/66w47x4zj8lhnjkl0b2n8vy5qk83qflq-unit-script-virtualboxClientClipboard-pre-start.drv'...
building '/nix/store/vcpb499yxswkcr1yjjqz8p64087zl3yq-unit-script-virtualboxClientDragAndDrop-pre-start.drv'...
building '/nix/store/2vr46qh36y91ww52rbxrdfzfsmi36dqy-unit-script-virtualboxClientSeamless-pre-start.drv'...
building '/nix/store/j74gz6f1rgvi1mml0c5i3ns2n2sxy4ah-unit-script-virtualboxClientVmsvga-pre-start.drv'...
building '/nix/store/ai3kmljg656499ny2w7sxz5v7kk0akg3-unit-selfprivacy-api-worker.service.drv'...
building '/nix/store/lkv220sj7qngs1ldkyiglaqfdcbbas7l-unit-selfprivacy-api.service.drv'...
building '/nix/store/f9656dx0p02xskv3410c06w42b731mh6-unit-selfprivacy-generate-ssl-cert.service.drv'...
building '/nix/store/0lvm1dxq1fia915zl5dwxs9gpcvl6388-unit-selfprivacy-init-sp-modules.service.drv'...
building '/nix/store/r8clr2x8wy9c3pklzxv3rcj9x7mfjv7s-unit-selfprivacy-init-userdata.service.drv'...
building '/nix/store/0k9m29w6qxgmyqqpwzrifamxrv7csmnv-unit-selfprivacy-set-onion-domain.service.drv'...
building '/nix/store/lvjm3hr67qnfdjqpkd2bb1xa2qimvzj0-unit-serial-getty-.service.drv'...
building '/nix/store/vn7fpr9c9cviv57sik0gjy8kw00w91yp-unit-show-onion.service.drv'...
building '/nix/store/k830h03h0chyh2p1x1scqxs83rmlljs9-unit-sshd-.service.drv'...
building '/nix/store/b6pl4by88k6dqhzkpx0acykzyswxfwii-unit-sshd-keygen.service.drv'...
building '/nix/store/sy5a3kz3al5jvjsl995c2r26r7fkrggr-unit-sshd.service.drv'...
building '/nix/store/rgai5hl94x4dx57gsr9gkgfq1cgmaiyv-unit-suid-sgid-wrappers.service.drv'...
building '/nix/store/d826svysgbblj1768756d74ijr968cjf-unit-sysinit-reactivation.target.drv'...
building '/nix/store/b6dmkgmgsy4fyrmyk908h773819wnq7z-unit-system-phpfpm.slice.drv'...
building '/nix/store/6f05j1k39qrxsw8vlhd9d2yyxaa9dzrw-unit-system.slice.drv'...
building '/nix/store/pm7wvjyj5bi451cgj33wc0n3i5fnpxbs-unit-systemd-backlight-.service.drv'...
building '/nix/store/0rndnkl4ilnz0dihb09i2ixfrwlanng4-unit-systemd-fsck-.service.drv'...
building '/nix/store/mdas7bixqbd3d6qyzxcf97syrb4ydz18-unit-systemd-importd.service.drv'...
building '/nix/store/d5zmilc9fj672zgbn3yqvp8s9m3g3a7n-unit-systemd-journal-flush.service.drv'...
building '/nix/store/21bcih5qsm9q9mfqm2k1406w0myh9vkk-unit-systemd-journald-.service.drv'...
building '/nix/store/pzf5wk86wxasrl2ybq2y3rl2dpkm5023-unit-systemd-journald-audit.socket.drv'...
building '/nix/store/8046qgzqfch9f2m6bfsvvj5a4kkd0h43-unit-systemd-journald.service.drv'...
building '/nix/store/jr4p55fgdsz46wkasi72jyvl4xqfi2g5-unit-systemd-logind.service.drv'...
building '/nix/store/azvqgsa1myknhajlr4y66ihdqrfk6l4k-unit-systemd-makefs-.service.drv'...
building '/nix/store/zk45gyikfnq5han4bv6nc604qm3y3zv7-unit-systemd-mkswap-.service.drv'...
building '/nix/store/04aj62ic4wdinc65q4bd6xqmgy4idclx-unit-systemd-modules-load.service.drv'...
building '/nix/store/39d8xkhll4n3x15i5sr33waaxm36rav8-unit-systemd-nspawn-.service.drv'...
building '/nix/store/my4mg7m6c6i1rvyc4yaw7sgc08386lpj-unit-systemd-oomd.service.drv'...
building '/nix/store/2lxxpyh44av8i3027abgbjx8q8mb74sp-unit-systemd-pstore.service.drv'...
building '/nix/store/k0rcpaxgxdm4q2x3qbkj42k5v7g1d48n-unit-systemd-random-seed.service.drv'...
building '/nix/store/706v2ya646kw6ifv4qc1imljd39xppq2-unit-systemd-remount-fs.service.drv'...
building '/nix/store/rn30fwrcr0r4k9xqfcks0nksaslw92zj-unit-systemd-sysctl.service.drv'...
building '/nix/store/6hcwz9pg0c6fmjmby5l9l2d4chnpmgvi-unit-systemd-timedated.service.drv'...
building '/nix/store/69z6kxymhf33l7imqspqbvshi4n6d8as-unit-systemd-timesyncd.service.drv'...
building '/nix/store/myzdnbvf4759492qjd5jlxknmlg1f8qp-unit-systemd-tmpfiles-clean.timer.drv'...
building '/nix/store/fz0x9gjwmn821sszn73xmjhqcz5sc6f0-unit-systemd-tmpfiles-resetup.service.drv'...
building '/nix/store/mzhm4miwvkq59jr8hii412ssqiq9l09k-unit-systemd-tmpfiles-setup.service.drv'...
building '/nix/store/g526v4h9vysb85s6mn6grh62mqgdqxfg-unit-systemd-udev-settle.service.drv'...
building '/nix/store/idp8biagfl8zi42qwpix2r54m6lysm5n-unit-systemd-udevd.service.drv'...
building '/nix/store/6cyjzkdw4s8vdl6awljhfha0l3g65ns5-unit-systemd-update-utmp.service.drv'...
building '/nix/store/jgifq7vn9aibq83369bz8danzvxnia43-unit-systemd-user-sessions.service.drv'...
building '/nix/store/5k6i62mk7q3plsq9cwd4zbfdip328vb6-unit-tor.service.drv'...
building '/nix/store/2digf74v5vi4v68ywdz6908gy0qh23mb-unit-user-.service.drv'...
building '/nix/store/yblm9k9vkg19rkl8mrywjyyjzz7zxxmc-unit-user-runtime-dir-.service.drv'...
building '/nix/store/9fvqaxcmpq3bav574hs16nnwh719dqmv-unit-user.slice.drv'...
building '/nix/store/grmcg9cpmp1jrq90nid11ywbb6wrbxfd-unit-virtualbox.service.drv'...
building '/nix/store/g4m2k2ns04axfn7vcy19mx2cprlvli2j-unit-virtualboxClientClipboard.service.drv'...
building '/nix/store/ma5f4f548j773al862qxgc892ij646i9-unit-virtualboxClientDragAndDrop.service.drv'...
building '/nix/store/29h6lc7580ym09wndls93knar7jhnpps-unit-virtualboxClientSeamless.service.drv'...
building '/nix/store/mx2mp6ah677yz576y1lq7ds3f6h5wlz0-unit-virtualboxClientVmsvga.service.drv'...
building '/nix/store/zl0lhk2srbrzmh4ymrk66478889hspar-useradd.drv'...
building '/nix/store/1d650kvigd9s7gvhg27jip7sh82r2kg1-useradd.pam.drv'...
building '/nix/store/i26allkci2s1w6iaj8qfqinw47abn06n-user-units.drv'...
building '/nix/store/pj93bkkl1hcdgd9xnsvmszp41r9zgywx-userdel.pam.drv'...
building '/nix/store/814in41g5l12af7zhwh4qjsgq2n2mmsc-usermod.pam.drv'...
building '/nix/store/9k6120dbknglkhc9bnxqczv1156xcl21-users-groups.json.drv'...
building '/nix/store/qbwd1rqcs1kadf4kpr968ww54jn6nkb9-vconsole.conf.drv'...
building '/nix/store/ay921j60wdj5agkgc0r0jvspjy0w862w-vlock.pam.drv'...
building '/nix/store/sy9z0ksaw9v1q6vj1aczy47i9jasmxim-X-Restart-Triggers-reload-systemd-vconsole-setup.drv'...
building '/nix/store/f1hal9s48b9qkyclh2d079n7vwpr650k-unit-reload-systemd-vconsole-setup.service.drv'...
building '/nix/store/jfrpgii7gqz24db2hd2yd05dgl0qa02q-system-units.drv'...
building '/nix/store/7vfhbzw6w1hj8r0mc82h4ikqzr10yc60-etc.drv'...
building '/nix/store/yz6272v5n01p2p8pijb7clzfpx3qr0gj-nixos-system-selfprivacy-tor-25.11.20260207.23d72da.drv'...
installing the boot loader...
setting up /etc...
updating GRUB 2 menu...
installing the GRUB 2 boot loader on /dev/sda...
Installing for i386-pc platform.
Installation finished. No error reported.
installation finished!
  >>> Done!
  [0;32mInstallation complete![0m

[1;33mStep 6/7: Rebooting into installed system...[0m
0%...10%...20%...30%...40%...50%...60%...70%...80%...90%...100%
Waiting for VM "SelfPrivacy-Tor-Test" to power on...
VM "SelfPrivacy-Tor-Test" has been successfully started.
  Waiting for VM to be reachable..............
  [0;32mConnected![0m
[1;33mStep 7/7: Waiting for Tor to publish your .onion address...[0m
  Waiting for Tor to publish .onion address...
[1;33m  Updating service configs with .onion address...[0m
  [0;32mDone.[0m

[0;32m╔══════════════════════════════════════════════════════════════╗[0m
[0;32m║              SelfPrivacy Tor VM is ready!                   ║[0m
[0;32m╚══════════════════════════════════════════════════════════════╝[0m

  [1m.onion address:[0m    [0;36m32o6vpgszhhs3dx5xrqzdurgmtpuyjh7thhexm5ydb5b64tkqzvc5nqd.onion[0m
  [1mAPI token:[0m         [0;36mtest-token-for-tor-development[0m

  [1mNextcloud:[0m
    URL:       [0;36mhttps://32o6vpgszhhs3dx5xrqzdurgmtpuyjh7thhexm5ydb5b64tkqzvc5nqd.onion/nextcloud/[0m
    Username:  [0;36madmin[0m
    Password:  [0;36mlxH7kbzwgTayNN0HoFn6aeEux7jVYmiy[0m

  [1mServices:[0m
    SelfPrivacy API  [0;36mhttps://32o6vpgszhhs3dx5xrqzdurgmtpuyjh7thhexm5ydb5b64tkqzvc5nqd.onion/api/[0m
    Nextcloud        [0;36mhttps://32o6vpgszhhs3dx5xrqzdurgmtpuyjh7thhexm5ydb5b64tkqzvc5nqd.onion/nextcloud/[0m
    Gitea            [0;36mhttps://32o6vpgszhhs3dx5xrqzdurgmtpuyjh7thhexm5ydb5b64tkqzvc5nqd.onion/git/[0m
    Jitsi Meet       [0;36mhttps://32o6vpgszhhs3dx5xrqzdurgmtpuyjh7thhexm5ydb5b64tkqzvc5nqd.onion/jitsi/[0m
    Prometheus       [0;36mhttps://32o6vpgszhhs3dx5xrqzdurgmtpuyjh7thhexm5ydb5b64tkqzvc5nqd.onion/prometheus/[0m

  [1mSSH:[0m
    [0;36msshpass -p '' ssh -p 2222 root@localhost[0m

  [1mWatch live requests:[0m
    [0;36msshpass -p '' ssh -p 2222 root@localhost journalctl -u nginx -u selfprivacy-api -f[0m

  [1mRecord demo GIFs:[0m
    [0;36m./scripts/record-all-gifs.sh[0m  (all GIFs, same .onion)

